Component: ARM Compiler 5.06 update 5 (build 528) Tool: armlink [4d35e2]

==============================================================================

Section Cross References

    startup_stm32f10x_md.o(STACK) refers (Special) to heapauxi.o(.text) for __use_two_region_memory
    startup_stm32f10x_md.o(HEAP) refers (Special) to heapauxi.o(.text) for __use_two_region_memory
    startup_stm32f10x_md.o(RESET) refers (Special) to heapauxi.o(.text) for __use_two_region_memory
    startup_stm32f10x_md.o(RESET) refers to startup_stm32f10x_md.o(STACK) for __initial_sp
    startup_stm32f10x_md.o(RESET) refers to startup_stm32f10x_md.o(.text) for Reset_Handler
    startup_stm32f10x_md.o(RESET) refers to stm32f10x_it.o(i.NMI_Handler) for NMI_Handler
    startup_stm32f10x_md.o(RESET) refers to stm32f10x_it.o(i.HardFault_Handler) for HardFault_Handler
    startup_stm32f10x_md.o(RESET) refers to stm32f10x_it.o(i.MemManage_Handler) for MemManage_Handler
    startup_stm32f10x_md.o(RESET) refers to stm32f10x_it.o(i.BusFault_Handler) for BusFault_Handler
    startup_stm32f10x_md.o(RESET) refers to stm32f10x_it.o(i.UsageFault_Handler) for UsageFault_Handler
    startup_stm32f10x_md.o(RESET) refers to stm32f10x_it.o(i.SVC_Handler) for SVC_Handler
    startup_stm32f10x_md.o(RESET) refers to stm32f10x_it.o(i.DebugMon_Handler) for DebugMon_Handler
    startup_stm32f10x_md.o(RESET) refers to stm32f10x_it.o(i.PendSV_Handler) for PendSV_Handler
    startup_stm32f10x_md.o(RESET) refers to stm32f10x_it.o(i.SysTick_Handler) for SysTick_Handler
    startup_stm32f10x_md.o(RESET) refers to timer.o(i.TIM2_IRQHandler) for TIM2_IRQHandler
    startup_stm32f10x_md.o(.text) refers (Special) to heapauxi.o(.text) for __use_two_region_memory
    startup_stm32f10x_md.o(.text) refers to system_stm32f10x.o(i.SystemInit) for SystemInit
    startup_stm32f10x_md.o(.text) refers to __main.o(!!!main) for __main
    startup_stm32f10x_md.o(.text) refers to startup_stm32f10x_md.o(HEAP) for Heap_Mem
    startup_stm32f10x_md.o(.text) refers to startup_stm32f10x_md.o(STACK) for Stack_Mem
    system_stm32f10x.o(i.SetSysClock) refers to system_stm32f10x.o(i.SetSysClockTo72) for SetSysClockTo72
    system_stm32f10x.o(i.SystemCoreClockUpdate) refers to system_stm32f10x.o(.data) for SystemCoreClock
    system_stm32f10x.o(i.SystemInit) refers to system_stm32f10x.o(i.SetSysClock) for SetSysClock
    stm32f10x_adc.o(i.ADC_DeInit) refers to stm32f10x_rcc.o(i.RCC_APB2PeriphResetCmd) for RCC_APB2PeriphResetCmd
    stm32f10x_bkp.o(i.BKP_DeInit) refers to stm32f10x_rcc.o(i.RCC_BackupResetCmd) for RCC_BackupResetCmd
    stm32f10x_can.o(i.CAN_DeInit) refers to stm32f10x_rcc.o(i.RCC_APB1PeriphResetCmd) for RCC_APB1PeriphResetCmd
    stm32f10x_can.o(i.CAN_GetITStatus) refers to stm32f10x_can.o(i.CheckITStatus) for CheckITStatus
    stm32f10x_cec.o(i.CEC_DeInit) refers to stm32f10x_rcc.o(i.RCC_APB1PeriphResetCmd) for RCC_APB1PeriphResetCmd
    stm32f10x_dac.o(i.DAC_DeInit) refers to stm32f10x_rcc.o(i.RCC_APB1PeriphResetCmd) for RCC_APB1PeriphResetCmd
    stm32f10x_flash.o(i.FLASH_EnableWriteProtection) refers to stm32f10x_flash.o(i.FLASH_WaitForLastOperation) for FLASH_WaitForLastOperation
    stm32f10x_flash.o(i.FLASH_EraseAllBank1Pages) refers to stm32f10x_flash.o(i.FLASH_WaitForLastBank1Operation) for FLASH_WaitForLastBank1Operation
    stm32f10x_flash.o(i.FLASH_EraseAllPages) refers to stm32f10x_flash.o(i.FLASH_WaitForLastOperation) for FLASH_WaitForLastOperation
    stm32f10x_flash.o(i.FLASH_EraseOptionBytes) refers to stm32f10x_flash.o(i.FLASH_GetReadOutProtectionStatus) for FLASH_GetReadOutProtectionStatus
    stm32f10x_flash.o(i.FLASH_EraseOptionBytes) refers to stm32f10x_flash.o(i.FLASH_WaitForLastOperation) for FLASH_WaitForLastOperation
    stm32f10x_flash.o(i.FLASH_ErasePage) refers to stm32f10x_flash.o(i.FLASH_WaitForLastOperation) for FLASH_WaitForLastOperation
    stm32f10x_flash.o(i.FLASH_ProgramHalfWord) refers to stm32f10x_flash.o(i.FLASH_WaitForLastOperation) for FLASH_WaitForLastOperation
    stm32f10x_flash.o(i.FLASH_ProgramOptionByteData) refers to stm32f10x_flash.o(i.FLASH_WaitForLastOperation) for FLASH_WaitForLastOperation
    stm32f10x_flash.o(i.FLASH_ProgramWord) refers to stm32f10x_flash.o(i.FLASH_WaitForLastOperation) for FLASH_WaitForLastOperation
    stm32f10x_flash.o(i.FLASH_ReadOutProtection) refers to stm32f10x_flash.o(i.FLASH_WaitForLastOperation) for FLASH_WaitForLastOperation
    stm32f10x_flash.o(i.FLASH_UserOptionByteConfig) refers to stm32f10x_flash.o(i.FLASH_WaitForLastOperation) for FLASH_WaitForLastOperation
    stm32f10x_flash.o(i.FLASH_WaitForLastBank1Operation) refers to stm32f10x_flash.o(i.FLASH_GetBank1Status) for FLASH_GetBank1Status
    stm32f10x_flash.o(i.FLASH_WaitForLastOperation) refers to stm32f10x_flash.o(i.FLASH_GetBank1Status) for FLASH_GetBank1Status
    stm32f10x_gpio.o(i.GPIO_AFIODeInit) refers to stm32f10x_rcc.o(i.RCC_APB2PeriphResetCmd) for RCC_APB2PeriphResetCmd
[...]
    Removing stm32f10x_usart.o(i.USART_SmartCardCmd), (24 bytes).
    Removing stm32f10x_usart.o(i.USART_SmartCardNACKCmd), (24 bytes).
    Removing stm32f10x_usart.o(i.USART_StructInit), (24 bytes).
    Removing stm32f10x_usart.o(i.USART_WakeUpConfig), (18 bytes).
    Removing stm32f10x_wwdg.o(i.WWDG_ClearFlag), (12 bytes).
    Removing stm32f10x_wwdg.o(i.WWDG_DeInit), (22 bytes).
    Removing stm32f10x_wwdg.o(i.WWDG_Enable), (16 bytes).
    Removing stm32f10x_wwdg.o(i.WWDG_EnableIT), (12 bytes).
    Removing stm32f10x_wwdg.o(i.WWDG_GetFlagStatus), (12 bytes).
    Removing stm32f10x_wwdg.o(i.WWDG_SetCounter), (16 bytes).
    Removing stm32f10x_wwdg.o(i.WWDG_SetPrescaler), (24 bytes).
    Removing stm32f10x_wwdg.o(i.WWDG_SetWindowValue), (40 bytes).
    Removing delay.o(i.Delay_s), (24 bytes).
    Removing oled.o(i.OLED_ShowBinNum), (62 bytes).
    Removing oled.o(i.OLED_ShowHexNum), (84 bytes).
    Removing oled.o(i.OLED_ShowSignedNum), (102 bytes).

465 unused section(s) (total 18914 bytes) removed from the image.

==============================================================================

Image Symbol Table

    Local Symbols

    Symbol Name                              Value     Ov Type        Size  Object(Section)

    ../clib/angel/boardlib.s                 0x00000000   Number         0  boardshut.o ABSOLUTE
    ../clib/angel/boardlib.s                 0x00000000   Number         0  boardinit1.o ABSOLUTE
    ../clib/angel/boardlib.s                 0x00000000   Number         0  boardinit3.o ABSOLUTE
    ../clib/angel/boardlib.s                 0x00000000   Number         0  boardinit2.o ABSOLUTE
    ../clib/angel/handlers.s                 0x00000000   Number         0  __scatter_copy.o ABSOLUTE
    ../clib/angel/handlers.s                 0x00000000   Number         0  __scatter_zi.o ABSOLUTE
    ../clib/angel/kernel.s                   0x00000000   Number         0  __rtentry4.o ABSOLUTE
    ../clib/angel/kernel.s                   0x00000000   Number         0  rtexit.o ABSOLUTE
    ../clib/angel/kernel.s                   0x00000000   Number         0  rtexit2.o ABSOLUTE
    ../clib/angel/kernel.s                   0x00000000   Number         0  __rtentry.o ABSOLUTE
    ../clib/angel/kernel.s                   0x00000000   Number         0  __rtentry2.o ABSOLUTE
    ../clib/angel/rt.s                       0x00000000   Number         0  rt_errno_addr.o ABSOLUTE
    ../clib/angel/rt.s                       0x00000000   Number         0  rt_errno_addr_intlibspace.o ABSOLUTE
    ../clib/angel/rt.s                       0x00000000   Number         0  rt_raise.o ABSOLUTE
    ../clib/angel/rt.s                       0x00000000   Number         0  rt_heap_descriptor_intlibspace.o ABSOLUTE
    ../clib/angel/rt.s                       0x00000000   Number         0  rt_heap_descriptor.o ABSOLUTE
    ../clib/angel/scatter.s                  0x00000000   Number         0  __scatter.o ABSOLUTE
    ../clib/angel/startup.s                  0x00000000   Number         0  __main.o ABSOLUTE
    ../clib/angel/sys.s                      0x00000000   Number         0  sys_stackheap_outer.o ABSOLUTE
    ../clib/angel/sys.s                      0x00000000   Number         0  use_no_semi.o ABSOLUTE
    ../clib/angel/sys.s                      0x00000000   Number         0  indicate_semi.o ABSOLUTE
    ../clib/angel/sys.s                      0x00000000   Number         0  libspace.o ABSOLUTE
    ../clib/angel/sys.s                      0x00000000   Number         0  mutex_dummy.o ABSOLUTE
    ../clib/angel/sysapp.c                   0x00000000   Number         0  sys_command.o ABSOLUTE
    ../clib/angel/sysapp.c                   0x00000000   Number         0  sys_wrch.o ABSOLUTE
    ../clib/angel/sysapp.c                   0x00000000   Number         0  sys_exit.o ABSOLUTE
    ../clib/armsys.c                         0x00000000   Number         0  _get_argv.o ABSOLUTE
    ../clib/armsys.c                         0x00000000   Number         0  no_argv.o ABSOLUTE
    ../clib/armsys.c                         0x00000000   Number         0  argv_veneer.o ABSOLUTE
    ../clib/armsys.c                         0x00000000   Number         0  argv_veneer.o ABSOLUTE
    ../clib/armsys.c                         0x00000000   Number         0  _get_argv_nomalloc.o ABSOLUTE
    ../clib/fenv.c                           0x00000000   Number         0  _rserrno.o ABSOLUTE
    ../clib/heap1.c                          0x00000000   Number         0  h1_extend_mt.o ABSOLUTE
    ../clib/heap1.c                          0x00000000   Number         0  h1_free_mt.o ABSOLUTE
    ../clib/heap1.c                          0x00000000   Number         0  h1_extend.o ABSOLUTE
    ../clib/heap1.c                          0x00000000   Number         0  h1_free.o ABSOLUTE
    ../clib/heap1.c                          0x00000000   Number         0  h1_alloc_mt.o ABSOLUTE
    ../clib/heap1.c                          0x00000000   Number         0  h1_init_mt.o ABSOLUTE
    ../clib/heap1.c                          0x00000000   Number         0  h1_init.o ABSOLUTE
    ../clib/heap1.c                          0x00000000   Number         0  h1_alloc.o ABSOLUTE
    ../clib/heap1.c                          0x00000000   Number         0  h1_final.o ABSOLUTE
    ../clib/heap1.c                          0x00000000   Number         0  h1_final_mt.o ABSOLUTE
    ../clib/heap2.c                          0x00000000   Number         0  heap2.o ABSOLUTE
    ../clib/heap2.c                          0x00000000   Number         0  heap2mt.o ABSOLUTE
    ../clib/heap2.c                          0x00000000   Number         0  fdtree.o ABSOLUTE
    ../clib/heapalloc.c                      0x00000000   Number         0  maybetermalloc2.o ABSOLUTE
    ../clib/heapalloc.c                      0x00000000   Number         0  heapstubs.o ABSOLUTE
    ../clib/heapalloc.c                      0x00000000   Number         0  maybetermalloc2.o ABSOLUTE
    ../clib/heapalloc.c                      0x00000000   Number         0  hrguard.o ABSOLUTE
    ../clib/heapalloc.c                      0x00000000   Number         0  term_alloc.o ABSOLUTE
    ../clib/heapalloc.c                      0x00000000   Number         0  maybetermalloc1.o ABSOLUTE
    ../clib/heapalloc.c                      0x00000000   Number         0  malloc.o ABSOLUTE
    ../clib/heapalloc.c                      0x00000000   Number         0  hguard.o ABSOLUTE
    ../clib/heapalloc.c                      0x00000000   Number         0  init_alloc.o ABSOLUTE
    ../clib/heapalloc.c                      0x00000000   Number         0  maybetermalloc1.o ABSOLUTE
    ../clib/heapalloc.c                      0x00000000   Number         0  free.o ABSOLUTE
    ../clib/heapaux.c                        0x00000000   Number         0  heapauxi.o ABSOLUTE
    ../clib/heapaux.c                        0x00000000   Number         0  heapauxa.o ABSOLUTE
    ../clib/libinit.s                        0x00000000   Number         0  libshutdown.o ABSOLUTE
    ../clib/libinit.s                        0x00000000   Number         0  libinit.o ABSOLUTE
    ../clib/libinit.s                        0x00000000   Number         0  libinit2.o ABSOLUTE
    ../clib/libinit.s                        0x00000000   Number         0  libshutdown2.o ABSOLUTE
    ../clib/memcpset.s                       0x00000000   Number         0  rt_memcpy_w.o ABSOLUTE
    ../clib/signal.c                         0x00000000   Number         0  defsig_rtmem_inner.o ABSOLUTE
    ../clib/signal.c                         0x00000000   Number         0  defsig_exit.o ABSOLUTE
    ../clib/signal.c                         0x00000000   Number         0  defsig_rtmem_formal.o ABSOLUTE
    ../clib/signal.c                         0x00000000   Number         0  defsig_rtmem_outer.o ABSOLUTE
    ../clib/signal.c                         0x00000000   Number         0  defsig_other.o ABSOLUTE
    ../clib/signal.c                         0x00000000   Number         0  defsig_segv_inner.o ABSOLUTE
    ../clib/signal.c                         0x00000000   Number         0  defsig_cppl_inner.o ABSOLUTE
    ../clib/signal.c                         0x00000000   Number         0  defsig_pvfn_inner.o ABSOLUTE
    ../clib/signal.c                         0x00000000   Number         0  defsig_stak_inner.o ABSOLUTE
    ../clib/signal.c                         0x00000000   Number         0  defsig_rtred_inner.o ABSOLUTE
    ../clib/signal.c                         0x00000000   Number         0  defsig_fpe_inner.o ABSOLUTE
    ../clib/signal.c                         0x00000000   Number         0  defsig_abrt_inner.o ABSOLUTE
    ../clib/signal.c                         0x00000000   Number         0  defsig_general.o ABSOLUTE
    ../clib/signal.c                         0x00000000   Number         0  __raise.o ABSOLUTE
    ../clib/signal.s                         0x00000000   Number         0  defsig.o ABSOLUTE
    ../clib/stdlib.c                         0x00000000   Number         0  rand.o ABSOLUTE
    ../clib/stdlib.c                         0x00000000   Number         0  rand.o ABSOLUTE
    ../clib/stdlib.c                         0x00000000   Number         0  exit.o ABSOLUTE
    ../fplib/daddsub.s                       0x00000000   Number         0  daddsub_clz.o ABSOLUTE
    ../fplib/dcheck1.s                       0x00000000   Number         0  dcheck1.o ABSOLUTE
    ../fplib/dcmpi.s                         0x00000000   Number         0  dcmpi.o ABSOLUTE
    ../fplib/ddiv.s                          0x00000000   Number         0  ddiv.o ABSOLUTE
    ../fplib/dflt.s                          0x00000000   Number         0  dflt_clz.o ABSOLUTE
    ../fplib/dleqf.s                         0x00000000   Number         0  dleqf.o ABSOLUTE
    ../fplib/dmul.s                          0x00000000   Number         0  dmul.o ABSOLUTE
    ../fplib/dnaninf.s                       0x00000000   Number         0  dnaninf.o ABSOLUTE
    ../fplib/dretinf.s                       0x00000000   Number         0  dretinf.o ABSOLUTE
    ../fplib/drleqf.s                        0x00000000   Number         0  drleqf.o ABSOLUTE
    ../fplib/fpinit.s                        0x00000000   Number         0  fpinit.o ABSOLUTE
    ../fplib/retnan.s                        0x00000000   Number         0  retnan.o ABSOLUTE
    ../fplib/scalbn.s                        0x00000000   Number         0  scalbn.o ABSOLUTE
    ../fplib/trapv.s                         0x00000000   Number         0  trapv.o ABSOLUTE
    ../fplib/usenofp.s                       0x00000000   Number         0  usenofp.o ABSOLUTE
    ../mathlib/atan.c                        0x00000000   Number         0  atan_x.o ABSOLUTE
    ../mathlib/atan.c                        0x00000000   Number         0  atan.o ABSOLUTE
    ../mathlib/atan2.c                       0x00000000   Number         0  atan2_x.o ABSOLUTE
    ../mathlib/atan2.c                       0x00000000   Number         0  atan2.o ABSOLUTE
    ../mathlib/dunder.c                      0x00000000   Number         0  dunder.o ABSOLUTE
    ../mathlib/fpclassify.c                  0x00000000   Number         0  fpclassify.o ABSOLUTE
    ../mathlib/poly.c                        0x00000000   Number         0  poly.o ABSOLUTE
    ../mathlib/qnan.c                        0x00000000   Number         0  qnan.o ABSOLUTE
    Hardware\HourGlass.c                     0x00000000   Number         0  hourglass.o ABSOLUTE
    Hardware\MPU6050.c                       0x00000000   Number         0  mpu6050.o ABSOLUTE
    Hardware\Max7219.c                       0x00000000   Number         0  max7219.o ABSOLUTE
    Hardware\MyI2C.c                         0x00000000   Number         0  myi2c.o ABSOLUTE
    Hardware\MySpi.c                         0x00000000   Number         0  myspi.o ABSOLUTE
    Hardware\OLED.c                          0x00000000   Number         0  oled.o ABSOLUTE
    Library\misc.c                           0x00000000   Number         0  misc.o ABSOLUTE
    Library\stm32f10x_adc.c                  0x00000000   Number         0  stm32f10x_adc.o ABSOLUTE
    Library\stm32f10x_bkp.c                  0x00000000   Number         0  stm32f10x_bkp.o ABSOLUTE
    Library\stm32f10x_can.c                  0x00000000   Number         0  stm32f10x_can.o ABSOLUTE
    Library\stm32f10x_cec.c                  0x00000000   Number         0  stm32f10x_cec.o ABSOLUTE
    Library\stm32f10x_crc.c                  0x00000000   Number         0  stm32f10x_crc.o ABSOLUTE
    Library\stm32f10x_dac.c                  0x00000000   Number         0  stm32f10x_dac.o ABSOLUTE
    Library\stm32f10x_dbgmcu.c               0x00000000   Number         0  stm32f10x_dbgmcu.o ABSOLUTE
    Library\stm32f10x_dma.c                  0x00000000   Number         0  stm32f10x_dma.o ABSOLUTE
    Library\stm32f10x_exti.c                 0x00000000   Number         0  stm32f10x_exti.o ABSOLUTE
    Library\stm32f10x_flash.c                0x00000000   Number         0  stm32f10x_flash.o ABSOLUTE
    Library\stm32f10x_fsmc.c                 0x00000000   Number         0  stm32f10x_fsmc.o ABSOLUTE
    Library\stm32f10x_gpio.c                 0x00000000   Number         0  stm32f10x_gpio.o ABSOLUTE
    Library\stm32f10x_i2c.c                  0x00000000   Number         0  stm32f10x_i2c.o ABSOLUTE
    Library\stm32f10x_iwdg.c                 0x00000000   Number         0  stm32f10x_iwdg.o ABSOLUTE
    Library\stm32f10x_pwr.c                  0x00000000   Number         0  stm32f10x_pwr.o ABSOLUTE
    Library\stm32f10x_rcc.c                  0x00000000   Number         0  stm32f10x_rcc.o ABSOLUTE
    Library\stm32f10x_rtc.c                  0x00000000   Number         0  stm32f10x_rtc.o ABSOLUTE
    Library\stm32f10x_sdio.c                 0x00000000   Number         0  stm32f10x_sdio.o ABSOLUTE
    Library\stm32f10x_spi.c                  0x00000000   Number         0  stm32f10x_spi.o ABSOLUTE
    Library\stm32f10x_tim.c                  0x00000000   Number         0  stm32f10x_tim.o ABSOLUTE
    Library\stm32f10x_usart.c                0x00000000   Number         0  stm32f10x_usart.o ABSOLUTE
    Library\stm32f10x_wwdg.c                 0x00000000   Number         0  stm32f10x_wwdg.o ABSOLUTE
    Start\\core_cm3.c                        0x00000000   Number         0  core_cm3.o ABSOLUTE
    Start\core_cm3.c                         0x00000000   Number         0  core_cm3.o ABSOLUTE
    Start\startup_stm32f10x_md.s             0x00000000   Number         0  startup_stm32f10x_md.o ABSOLUTE
    Start\system_stm32f10x.c                 0x00000000   Number         0  system_stm32f10x.o ABSOLUTE
    Sys\Delay.c                              0x00000000   Number         0  delay.o ABSOLUTE
    Sys\Timer.c                              0x00000000   Number         0  timer.o ABSOLUTE
    User\main.c                              0x00000000   Number         0  main.o ABSOLUTE
    User\stm32f10x_it.c                      0x00000000   Number         0  stm32f10x_it.o ABSOLUTE
    dc.s                                     0x00000000   Number         0  dc.o ABSOLUTE
    RESET                                    0x08000000   Section      236  startup_stm32f10x_md.o(RESET)
    !!!main                                  0x080000ec   Section        8  __main.o(!!!main)
    !!!scatter                               0x080000f4   Section       52  __scatter.o(!!!scatter)
    !!handler_copy                           0x08000128   Section       26  __scatter_copy.o(!!handler_copy)
    !!handler_zi                             0x08000144   Section       28  __scatter_zi.o(!!handler_zi)
    .ARM.Collect$$libinit$$00000000          0x08000160   Section        2  libinit.o(.ARM.Collect$$libinit$$00000000)
    .ARM.Collect$$libinit$$00000002          0x08000162   Section        0  libinit2.o(.ARM.Collect$$libinit$$00000002)
    .ARM.Collect$$libinit$$00000004          0x08000162   Section        0  libinit2.o(.ARM.Collect$$libinit$$00000004)
    .ARM.Collect$$libinit$$00000005          0x08000162   Section        8  libinit2.o(.ARM.Collect$$libinit$$00000005)
    .ARM.Collect$$libinit$$0000000A          0x0800016a   Section        0  libinit2.o(.ARM.Collect$$libinit$$0000000A)
    .ARM.Collect$$libinit$$0000000C          0x0800016a   Section        0  libinit2.o(.ARM.Collect$$libinit$$0000000C)
    .ARM.Collect$$libinit$$0000000D          0x0800016a   Section        4  libinit2.o(.ARM.Collect$$libinit$$0000000D)
    .ARM.Collect$$libinit$$0000000E          0x0800016e   Section        0  libinit2.o(.ARM.Collect$$libinit$$0000000E)
    .ARM.Collect$$libinit$$00000011          0x0800016e   Section        0  libinit2.o(.ARM.Collect$$libinit$$00000011)
    .ARM.Collect$$libinit$$00000013          0x0800016e   Section        0  libinit2.o(.ARM.Collect$$libinit$$00000013)
    .ARM.Collect$$libinit$$00000015          0x0800016e   Section        0  libinit2.o(.ARM.Collect$$libinit$$00000015)
    .ARM.Collect$$libinit$$00000017          0x0800016e   Section        0  libinit2.o(.ARM.Collect$$libinit$$00000017)
    .ARM.Collect$$libinit$$00000019          0x0800016e   Section        0  libinit2.o(.ARM.Collect$$libinit$$00000019)
    .ARM.Collect$$libinit$$0000001B          0x0800016e   Section        0  libinit2.o(.ARM.Collect$$libinit$$0000001B)
    .ARM.Collect$$libinit$$0000001D          0x0800016e   Section        0  libinit2.o(.ARM.Collect$$libinit$$0000001D)
    .ARM.Collect$$libinit$$0000001F          0x0800016e   Section        0  libinit2.o(.ARM.Collect$$libinit$$0000001F)
    .ARM.Collect$$libinit$$00000021          0x0800016e   Section        0  libinit2.o(.ARM.Collect$$libinit$$00000021)
    .ARM.Collect$$libinit$$00000023          0x0800016e   Section        0  libinit2.o(.ARM.Collect$$libinit$$00000023)
    .ARM.Collect$$libinit$$00000025          0x0800016e   Section        0  libinit2.o(.ARM.Collect$$libinit$$00000025)
    .ARM.Collect$$libinit$$0000002C          0x0800016e   Section        0  libinit2.o(.ARM.Collect$$libinit$$0000002C)
    .ARM.Collect$$libinit$$0000002E          0x0800016e   Section        0  libinit2.o(.ARM.Collect$$libinit$$0000002E)
    .ARM.Collect$$libinit$$00000030          0x0800016e   Section        0  libinit2.o(.ARM.Collect$$libinit$$00000030)
    .ARM.Collect$$libinit$$00000032          0x0800016e   Section        0  libinit2.o(.ARM.Collect$$libinit$$00000032)
    .ARM.Collect$$libinit$$00000033          0x0800016e   Section        2  libinit2.o(.ARM.Collect$$libinit$$00000033)
    .ARM.Collect$$libshutdown$$00000000      0x08000170   Section        2  libshutdown.o(.ARM.Collect$$libshutdown$$00000000)
    .ARM.Collect$$libshutdown$$00000002      0x08000172   Section        0  libshutdown2.o(.ARM.Collect$$libshutdown$$00000002)
    .ARM.Collect$$libshutdown$$00000004      0x08000172   Section        0  libshutdown2.o(.ARM.Collect$$libshutdown$$00000004)
    .ARM.Collect$$libshutdown$$00000007      0x08000172   Section        0  libshutdown2.o(.ARM.Collect$$libshutdown$$00000007)
    .ARM.Collect$$libshutdown$$0000000A      0x08000172   Section        0  libshutdown2.o(.ARM.Collect$$libshutdown$$0000000A)
    .ARM.Collect$$libshutdown$$0000000C      0x08000172   Section        0  libshutdown2.o(.ARM.Collect$$libshutdown$$0000000C)
    .ARM.Collect$$libshutdown$$0000000F      0x08000172   Section        0  libshutdown2.o(.ARM.Collect$$libshutdown$$0000000F)
    .ARM.Collect$$libshutdown$$00000010      0x08000172   Section        2  libshutdown2.o(.ARM.Collect$$libshutdown$$00000010)
    .ARM.Collect$$rtentry$$00000000          0x08000174   Section        0  __rtentry.o(.ARM.Collect$$rtentry$$00000000)
    .ARM.Collect$$rtentry$$00000002          0x08000174   Section        0  __rtentry2.o(.ARM.Collect$$rtentry$$00000002)
    .ARM.Collect$$rtentry$$00000004          0x08000174   Section        6  __rtentry4.o(.ARM.Collect$$rtentry$$00000004)
    .ARM.Collect$$rtentry$$00000009          0x0800017a   Section        0  __rtentry2.o(.ARM.Collect$$rtentry$$00000009)
    .ARM.Collect$$rtentry$$0000000A          0x0800017a   Section        4  __rtentry2.o(.ARM.Collect$$rtentry$$0000000A)
    .ARM.Collect$$rtentry$$0000000C          0x0800017e   Section        0  __rtentry2.o(.ARM.Collect$$rtentry$$0000000C)
    .ARM.Collect$$rtentry$$0000000D          0x0800017e   Section        8  __rtentry2.o(.ARM.Collect$$rtentry$$0000000D)
    .ARM.Collect$$rtexit$$00000000           0x08000186   Section        2  rtexit.o(.ARM.Collect$$rtexit$$00000000)
    .ARM.Collect$$rtexit$$00000002           0x08000188   Section        0  rtexit2.o(.ARM.Collect$$rtexit$$00000002)
    .ARM.Collect$$rtexit$$00000003           0x08000188   Section        4  rtexit2.o(.ARM.Collect$$rtexit$$00000003)
    .ARM.Collect$$rtexit$$00000004           0x0800018c   Section        6  rtexit2.o(.ARM.Collect$$rtexit$$00000004)
    .emb_text                                0x08000194   Section       52  rand.o(.emb_text)
    .emb_text                                0x080001c8   Section        0  maybetermalloc1.o(.emb_text)
    .text                                    0x080001c8   Section       64  startup_stm32f10x_md.o(.text)
    .text                                    0x08000208   Section        0  h1_alloc.o(.text)
    .text                                    0x08000268   Section        0  rand.o(.text)
    .text                                    0x080002a4   Section        0  heapauxi.o(.text)
    .text                                    0x080002ac   Section        8  rt_heap_descriptor_intlibspace.o(.text)
    .text                                    0x080002b4   Section        0  hguard.o(.text)
    .text                                    0x080002b8   Section        0  init_alloc.o(.text)
    .text                                    0x08000342   Section        0  h1_init.o(.text)
    .text                                    0x08000350   Section        0  h1_free.o(.text)
    .text                                    0x080003a0   Section        8  libspace.o(.text)
    .text                                    0x080003a8   Section        0  h1_extend.o(.text)
    .text                                    0x080003dc   Section        0  defsig_rtmem_outer.o(.text)
    .text                                    0x080003ea   Section        2  use_no_semi.o(.text)
    .text                                    0x080003ec   Section        0  indicate_semi.o(.text)
    .text                                    0x080003ec   Section       74  sys_stackheap_outer.o(.text)
    .text                                    0x08000436   Section        0  exit.o(.text)
    .text                                    0x08000448   Section        0  defsig_exit.o(.text)
    .text                                    0x08000454   Section        0  defsig_rtmem_inner.o(.text)
    .text                                    0x080004a4   Section        0  sys_exit.o(.text)
    .text                                    0x080004b0   Section        0  defsig_general.o(.text)
    .text                                    0x080004e2   Section        0  sys_wrch.o(.text)
    i.BusFault_Handler                       0x080004f0   Section        0  stm32f10x_it.o(i.BusFault_Handler)
    i.DebugMon_Handler                       0x080004f4   Section        0  stm32f10x_it.o(i.DebugMon_Handler)
    i.Delay_ms                               0x080004f6   Section        0  delay.o(i.Delay_ms)
    i.Delay_us                               0x0800050e   Section        0  delay.o(i.Delay_us)
    i.GPIO_Init                              0x0800053c   Section        0  stm32f10x_gpio.o(i.GPIO_Init)
    i.GPIO_ReadInputDataBit                  0x08000652   Section        0  stm32f10x_gpio.o(i.GPIO_ReadInputDataBit)
    i.GPIO_SetBits                           0x08000664   Section        0  stm32f10x_gpio.o(i.GPIO_SetBits)
    i.GPIO_WriteBit                          0x08000668   Section        0  stm32f10x_gpio.o(i.GPIO_WriteBit)
    i.Get_Gravity                            0x08000674   Section        0  mpu6050.o(i.Get_Gravity)
    i.HardFault_Handler                      0x08000804   Section        0  stm32f10x_it.o(i.HardFault_Handler)
    i.MPU6050_Init                           0x08000808   Section        0  mpu6050.o(i.MPU6050_Init)
    i.MPU_ReadReg                            0x08000840   Section        0  mpu6050.o(i.MPU_ReadReg)
    i.MPU_WriteReg                           0x0800087e   Section        0  mpu6050.o(i.MPU_WriteReg)
    i.Max7219_1_Scan                         0x080008ac   Section        0  max7219.o(i.Max7219_1_Scan)
    i.Max7219_2_Scan                         0x080008c8   Section        0  max7219.o(i.Max7219_2_Scan)
    i.Max7219_CheckXY                        0x080008e4   Section        0  max7219.o(i.Max7219_CheckXY)
    i.Max7219_CloseXY                        0x080008f4   Section        0  max7219.o(i.Max7219_CloseXY)
    i.Max7219_Init                           0x0800090a   Section        0  max7219.o(i.Max7219_Init)
    i.Max7219_OpenXY                         0x0800094e   Section        0  max7219.o(i.Max7219_OpenXY)
    i.Max7219_x_WriteByte                    0x08000960   Section        0  max7219.o(i.Max7219_x_WriteByte)
    i.MemManage_Handler                      0x080009b8   Section        0  stm32f10x_it.o(i.MemManage_Handler)
    i.MyI2C_Init                             0x080009bc   Section        0  myi2c.o(i.MyI2C_Init)
    i.MyI2C_R_SDA                            0x080009f4   Section        0  myi2c.o(i.MyI2C_R_SDA)
    i.MyI2C_ReceiveAck                       0x08000a10   Section        0  myi2c.o(i.MyI2C_ReceiveAck)
    i.MyI2C_ReceiveByte                      0x08000a2e   Section        0  myi2c.o(i.MyI2C_ReceiveByte)
    i.MyI2C_SendAck                          0x08000a62   Section        0  myi2c.o(i.MyI2C_SendAck)
    i.MyI2C_SendByte                         0x08000a7a   Section        0  myi2c.o(i.MyI2C_SendByte)
    i.MyI2C_Start                            0x08000aa4   Section        0  myi2c.o(i.MyI2C_Start)
    i.MyI2C_Stop                             0x08000ac0   Section        0  myi2c.o(i.MyI2C_Stop)
    i.MyI2C_W_SCL                            0x08000ad8   Section        0  myi2c.o(i.MyI2C_W_SCL)
    i.MyI2C_W_SDA                            0x08000af4   Section        0  myi2c.o(i.MyI2C_W_SDA)
    i.MySpi_Init                             0x08000b10   Section        0  myspi.o(i.MySpi_Init)
    i.NMI_Handler                            0x08000b60   Section        0  stm32f10x_it.o(i.NMI_Handler)
    i.NVIC_Init                              0x08000b64   Section        0  misc.o(i.NVIC_Init)
    i.NVIC_PriorityGroupConfig               0x08000bd4   Section        0  misc.o(i.NVIC_PriorityGroupConfig)
    i.OLED_Clear                             0x08000be8   Section        0  oled.o(i.OLED_Clear)
    i.OLED_I2C_Init                          0x08000c14   Section        0  oled.o(i.OLED_I2C_Init)
    i.OLED_I2C_SendByte                      0x08000c64   Section        0  oled.o(i.OLED_I2C_SendByte)
    i.OLED_I2C_Start                         0x08000cb8   Section        0  oled.o(i.OLED_I2C_Start)
    i.OLED_I2C_Stop                          0x08000cec   Section        0  oled.o(i.OLED_I2C_Stop)
    i.OLED_Init                              0x08000d14   Section        0  oled.o(i.OLED_Init)
    i.OLED_Pow                               0x08000dc2   Section        0  oled.o(i.OLED_Pow)
    i.OLED_SetCursor                         0x08000dd6   Section        0  oled.o(i.OLED_SetCursor)
    i.OLED_ShowChar                          0x08000df8   Section        0  oled.o(i.OLED_ShowChar)
    i.OLED_ShowNum                           0x08000e6c   Section        0  oled.o(i.OLED_ShowNum)
    i.OLED_ShowString                        0x08000eb0   Section        0  oled.o(i.OLED_ShowString)
    i.OLED_WriteCommand                      0x08000ed8   Section        0  oled.o(i.OLED_WriteCommand)
    i.OLED_WriteData                         0x08000ef8   Section        0  oled.o(i.OLED_WriteData)
    i.PendSV_Handler                         0x08000f18   Section        0  stm32f10x_it.o(i.PendSV_Handler)
    i.RCC_APB1PeriphClockCmd                 0x08000f1c   Section        0  stm32f10x_rcc.o(i.RCC_APB1PeriphClockCmd)
    i.RCC_APB2PeriphClockCmd                 0x08000f3c   Section        0  stm32f10x_rcc.o(i.RCC_APB2PeriphClockCmd)
    i.SPI_R_MISO                             0x08000f5c   Section        0  myspi.o(i.SPI_R_MISO)
    i.SPI_Start                              0x08000f6c   Section        0  myspi.o(i.SPI_Start)
    i.SPI_Stop                               0x08000f76   Section        0  myspi.o(i.SPI_Stop)
    i.SPI_SwapByte                           0x08000f80   Section        0  myspi.o(i.SPI_SwapByte)
    i.SPI_W_MOSI                             0x08000fbc   Section        0  myspi.o(i.SPI_W_MOSI)
    i.SPI_W_SCK                              0x08000fd0   Section        0  myspi.o(i.SPI_W_SCK)
    i.SPI_W_SS                               0x08000fe4   Section        0  myspi.o(i.SPI_W_SS)
    i.SVC_Handler                            0x08000ff8   Section        0  stm32f10x_it.o(i.SVC_Handler)
    i.SetSysClock                            0x08000ffa   Section        0  system_stm32f10x.o(i.SetSysClock)
    SetSysClock                              0x08000ffb   Thumb Code     8  system_stm32f10x.o(i.SetSysClock)
    i.SetSysClockTo72                        0x08001004   Section        0  system_stm32f10x.o(i.SetSysClockTo72)
    SetSysClockTo72                          0x08001005   Thumb Code   214  system_stm32f10x.o(i.SetSysClockTo72)
    i.SysTick_Handler                        0x080010e4   Section        0  stm32f10x_it.o(i.SysTick_Handler)
    i.SystemInit                             0x080010e8   Section        0  system_stm32f10x.o(i.SystemInit)
    i.TIM2_IRQHandler                        0x08001148   Section        0  timer.o(i.TIM2_IRQHandler)
    i.TIM_ClearFlag                          0x08001174   Section        0  stm32f10x_tim.o(i.TIM_ClearFlag)
    i.TIM_ClearITPendingBit                  0x0800117a   Section        0  stm32f10x_tim.o(i.TIM_ClearITPendingBit)
    i.TIM_Cmd                                0x08001180   Section        0  stm32f10x_tim.o(i.TIM_Cmd)
    i.TIM_GetITStatus                        0x08001198   Section        0  stm32f10x_tim.o(i.TIM_GetITStatus)
    i.TIM_ITConfig                           0x080011ba   Section        0  stm32f10x_tim.o(i.TIM_ITConfig)
    i.TIM_InternalClockConfig                0x080011cc   Section        0  stm32f10x_tim.o(i.TIM_InternalClockConfig)
    i.TIM_TimeBaseInit                       0x080011d8   Section        0  stm32f10x_tim.o(i.TIM_TimeBaseInit)
    i.Timer_Init                             0x0800127c   Section        0  timer.o(i.Timer_Init)
    i.UsageFault_Handler                     0x080012fc   Section        0  stm32f10x_it.o(i.UsageFault_Handler)
    i.__ARM_fpclassify                       0x08001300   Section        0  fpclassify.o(i.__ARM_fpclassify)
    i.__kernel_poly                          0x08001328   Section        0  poly.o(i.__kernel_poly)
    i.__mathlib_dbl_infnan                   0x080013d2   Section        0  dunder.o(i.__mathlib_dbl_infnan)
    i.__mathlib_dbl_infnan2                  0x080013d8   Section        0  dunder.o(i.__mathlib_dbl_infnan2)
    i.__mathlib_dbl_underflow                0x080013dc   Section        0  dunder.o(i.__mathlib_dbl_underflow)
    i.atan                                   0x080013ec   Section        0  atan.o(i.atan)
    i.atan2                                  0x0800160c   Section        0  atan2.o(i.atan2)
    i.hourglass_Init                         0x0800178c   Section        0  hourglass.o(i.hourglass_Init)
    i.hourglass_set_gravity                  0x08001808   Section        0  hourglass.o(i.hourglass_set_gravity)
    i.if_down_null                           0x08001858   Section        0  hourglass.o(i.if_down_null)
    i.if_left_null                           0x08001a7c   Section        0  hourglass.o(i.if_left_null)
    i.if_right_null                          0x08001bbc   Section        0  hourglass.o(i.if_right_null)
    i.main                                   0x08001cfc   Section        0  main.o(i.main)
    i.move_down                              0x08001d78   Section        0  hourglass.o(i.move_down)
    i.move_left                              0x08001ebc   Section        0  hourglass.o(i.move_left)
    i.move_right                             0x08002000   Section        0  hourglass.o(i.move_right)
    i.sand_next                              0x08002144   Section        0  hourglass.o(i.sand_next)
    x$fpl$dadd                               0x08002280   Section      336  daddsub_clz.o(x$fpl$dadd)
    _dadd1                                   0x08002291   Thumb Code     0  daddsub_clz.o(x$fpl$dadd)
    x$fpl$dcheck1                            0x080023d0   Section       16  dcheck1.o(x$fpl$dcheck1)
    x$fpl$dcmpinf                            0x080023e0   Section       24  dcmpi.o(x$fpl$dcmpinf)
    x$fpl$ddiv                               0x080023f8   Section      688  ddiv.o(x$fpl$ddiv)
    ddiv_entry                               0x080023ff   Thumb Code     0  ddiv.o(x$fpl$ddiv)
    x$fpl$dflt                               0x080026a8   Section       46  dflt_clz.o(x$fpl$dflt)
    x$fpl$dleqf                              0x080026d8   Section      120  dleqf.o(x$fpl$dleqf)
    x$fpl$dmul                               0x08002750   Section      340  dmul.o(x$fpl$dmul)
    x$fpl$dnaninf                            0x080028a4   Section      156  dnaninf.o(x$fpl$dnaninf)
    x$fpl$dretinf                            0x08002940   Section       12  dretinf.o(x$fpl$dretinf)
    x$fpl$drleqf                             0x0800294c   Section      108  drleqf.o(x$fpl$drleqf)
    x$fpl$drsb                               0x080029b8   Section       22  daddsub_clz.o(x$fpl$drsb)
    x$fpl$dsub                               0x080029d0   Section      468  daddsub_clz.o(x$fpl$dsub)
    _dsub1                                   0x080029e1   Thumb Code     0  daddsub_clz.o(x$fpl$dsub)
    x$fpl$retnan                             0x08002ba4   Section      100  retnan.o(x$fpl$retnan)
    x$fpl$scalbn                             0x08002c08   Section       92  scalbn.o(x$fpl$scalbn)
    x$fpl$trapveneer                         0x08002c64   Section       48  trapv.o(x$fpl$trapveneer)
    .constdata                               0x08002c94   Section     1520  oled.o(.constdata)
    x$fpl$usenofp                            0x08002c94   Section        0  usenofp.o(x$fpl$usenofp)
    .constdata                               0x08003288   Section      152  atan.o(.constdata)
    atanhi                                   0x08003288   Data          32  atan.o(.constdata)
    atanlo                                   0x080032a8   Data          32  atan.o(.constdata)
    aTodd                                    0x080032c8   Data          40  atan.o(.constdata)
    aTeven                                   0x080032f0   Data          48  atan.o(.constdata)
    .constdata                               0x08003320   Section        8  qnan.o(.constdata)
    .data                                    0x20000000   Section        1  main.o(.data)
    .bss                                     0x20000004   Section       28  main.o(.bss)
    .bss                                     0x20000020   Section      228  rand.o(.bss)
    .bss                                     0x20000104   Section       96  libspace.o(.bss)
    HEAP                                     0x20000168   Section      512  startup_stm32f10x_md.o(HEAP)
    Heap_Mem                                 0x20000168   Data         512  startup_stm32f10x_md.o(HEAP)
    STACK                                    0x20000368   Section     1024  startup_stm32f10x_md.o(STACK)
    Stack_Mem                                0x20000368   Data        1024  startup_stm32f10x_md.o(STACK)
    __initial_sp                             0x20000768   Data           0  startup_stm32f10x_md.o(STACK)

    Global Symbols

    Symbol Name                              Value     Ov Type        Size  Object(Section)

    BuildAttributes$$THM_ISAv4$P$D$K$B$S$PE$A:L22UL41UL21$X:L11$S22US41US21$IEEE1$IW$USESV6$~STKCKD$USESV7$~SHL$OTIME$ROPI$IEEEX$EBA8$UX$STANDARDLIB$REQ8$PRES8$EABIv2 0x00000000   Number         0  anon$$obj.o ABSOLUTE
    __ARM_use_no_argv                        0x00000000   Number         0  main.o ABSOLUTE
    __ARM_exceptions_init                     - Undefined Weak Reference
    __alloca_initialize                       - Undefined Weak Reference
    __arm_preinit_                            - Undefined Weak Reference
    __cpp_initialize__aeabi_                  - Undefined Weak Reference
    __cxa_finalize                            - Undefined Weak Reference
    __rt_locale                               - Undefined Weak Reference
    __sigvec_lookup                           - Undefined Weak Reference
    __user_heap_extent                        - Undefined Weak Reference
    _atexit_init                              - Undefined Weak Reference
    _call_atexit_fns                          - Undefined Weak Reference
    _clock_init                               - Undefined Weak Reference
    _fp_trap_init                             - Undefined Weak Reference
    _fp_trap_shutdown                         - Undefined Weak Reference
    _get_lc_collate                           - Undefined Weak Reference
    _get_lc_ctype                             - Undefined Weak Reference
    _get_lc_monetary                          - Undefined Weak Reference
    _get_lc_numeric                           - Undefined Weak Reference
    _get_lc_time                              - Undefined Weak Reference
    _getenv_init                              - Undefined Weak Reference
    _handle_redirection                       - Undefined Weak Reference
    _initio                                   - Undefined Weak Reference
    _mutex_acquire                            - Undefined Weak Reference
    _mutex_free                               - Undefined Weak Reference
    _mutex_release                            - Undefined Weak Reference
    _signal_finish                            - Undefined Weak Reference
    _signal_init                              - Undefined Weak Reference
    _terminateio                              - Undefined Weak Reference
    __Vectors_Size                           0x000000ec   Number         0  startup_stm32f10x_md.o ABSOLUTE
    __Vectors                                0x08000000   Data           4  startup_stm32f10x_md.o(RESET)
    __Vectors_End                            0x080000ec   Data           0  startup_stm32f10x_md.o(RESET)
    __main                                   0x080000ed   Thumb Code     8  __main.o(!!!main)
    __scatterload                            0x080000f5   Thumb Code     0  __scatter.o(!!!scatter)
    __scatterload_rt2                        0x080000f5   Thumb Code    44  __scatter.o(!!!scatter)
    __scatterload_rt2_thumb_only             0x080000f5   Thumb Code     0  __scatter.o(!!!scatter)
    __scatterload_null                       0x08000103   Thumb Code     0  __scatter.o(!!!scatter)
    __scatterload_copy                       0x08000129   Thumb Code    26  __scatter_copy.o(!!handler_copy)
    __scatterload_zeroinit                   0x08000145   Thumb Code    28  __scatter_zi.o(!!handler_zi)
    __rt_lib_init                            0x08000161   Thumb Code     0  libinit.o(.ARM.Collect$$libinit$$00000000)
    __rt_lib_init_fp_1                       0x08000163   Thumb Code     0  libinit2.o(.ARM.Collect$$libinit$$00000002)
    __rt_lib_init_heap_2                     0x08000163   Thumb Code     0  libinit2.o(.ARM.Collect$$libinit$$00000005)
    __rt_lib_init_preinit_1                  0x08000163   Thumb Code     0  libinit2.o(.ARM.Collect$$libinit$$00000004)
    __rt_lib_init_heap_1                     0x0800016b   Thumb Code     0  libinit2.o(.ARM.Collect$$libinit$$0000000A)
    __rt_lib_init_rand_2                     0x0800016b   Thumb Code     0  libinit2.o(.ARM.Collect$$libinit$$0000000D)
    __rt_lib_init_user_alloc_1               0x0800016b   Thumb Code     0  libinit2.o(.ARM.Collect$$libinit$$0000000C)
    __rt_lib_init_alloca_1                   0x0800016f   Thumb Code     0  libinit2.o(.ARM.Collect$$libinit$$0000002E)
    __rt_lib_init_argv_1                     0x0800016f   Thumb Code     0  libinit2.o(.ARM.Collect$$libinit$$0000002C)
    __rt_lib_init_atexit_1                   0x0800016f   Thumb Code     0  libinit2.o(.ARM.Collect$$libinit$$0000001B)
    __rt_lib_init_clock_1                    0x0800016f   Thumb Code     0  libinit2.o(.ARM.Collect$$libinit$$00000021)
    __rt_lib_init_cpp_1                      0x0800016f   Thumb Code     0  libinit2.o(.ARM.Collect$$libinit$$00000032)
    __rt_lib_init_exceptions_1               0x0800016f   Thumb Code     0  libinit2.o(.ARM.Collect$$libinit$$00000030)
    __rt_lib_init_fp_trap_1                  0x0800016f   Thumb Code     0  libinit2.o(.ARM.Collect$$libinit$$0000001F)
    __rt_lib_init_getenv_1                   0x0800016f   Thumb Code     0  libinit2.o(.ARM.Collect$$libinit$$00000023)
    __rt_lib_init_lc_collate_1               0x0800016f   Thumb Code     0  libinit2.o(.ARM.Collect$$libinit$$00000011)
    __rt_lib_init_lc_ctype_1                 0x0800016f   Thumb Code     0  libinit2.o(.ARM.Collect$$libinit$$00000013)
    __rt_lib_init_lc_monetary_1              0x0800016f   Thumb Code     0  libinit2.o(.ARM.Collect$$libinit$$00000015)
    __rt_lib_init_lc_numeric_1               0x0800016f   Thumb Code     0  libinit2.o(.ARM.Collect$$libinit$$00000017)
    __rt_lib_init_lc_time_1                  0x0800016f   Thumb Code     0  libinit2.o(.ARM.Collect$$libinit$$00000019)
    __rt_lib_init_rand_1                     0x0800016f   Thumb Code     0  libinit2.o(.ARM.Collect$$libinit$$0000000E)
    __rt_lib_init_return                     0x0800016f   Thumb Code     0  libinit2.o(.ARM.Collect$$libinit$$00000033)
    __rt_lib_init_signal_1                   0x0800016f   Thumb Code     0  libinit2.o(.ARM.Collect$$libinit$$0000001D)
    __rt_lib_init_stdio_1                    0x0800016f   Thumb Code     0  libinit2.o(.ARM.Collect$$libinit$$00000025)
    __rt_lib_shutdown                        0x08000171   Thumb Code     0  libshutdown.o(.ARM.Collect$$libshutdown$$00000000)
    __rt_lib_shutdown_cpp_1                  0x08000173   Thumb Code     0  libshutdown2.o(.ARM.Collect$$libshutdown$$00000002)
    __rt_lib_shutdown_fp_trap_1              0x08000173   Thumb Code     0  libshutdown2.o(.ARM.Collect$$libshutdown$$00000007)
    __rt_lib_shutdown_heap_1                 0x08000173   Thumb Code     0  libshutdown2.o(.ARM.Collect$$libshutdown$$0000000F)
    __rt_lib_shutdown_return                 0x08000173   Thumb Code     0  libshutdown2.o(.ARM.Collect$$libshutdown$$00000010)
    __rt_lib_shutdown_signal_1               0x08000173   Thumb Code     0  libshutdown2.o(.ARM.Collect$$libshutdown$$0000000A)
    __rt_lib_shutdown_stdio_1                0x08000173   Thumb Code     0  libshutdown2.o(.ARM.Collect$$libshutdown$$00000004)
    __rt_lib_shutdown_user_alloc_1           0x08000173   Thumb Code     0  libshutdown2.o(.ARM.Collect$$libshutdown$$0000000C)
    __rt_entry                               0x08000175   Thumb Code     0  __rtentry.o(.ARM.Collect$$rtentry$$00000000)
    __rt_entry_presh_1                       0x08000175   Thumb Code     0  __rtentry2.o(.ARM.Collect$$rtentry$$00000002)
    __rt_entry_sh                            0x08000175   Thumb Code     0  __rtentry4.o(.ARM.Collect$$rtentry$$00000004)
    __rt_entry_li                            0x0800017b   Thumb Code     0  __rtentry2.o(.ARM.Collect$$rtentry$$0000000A)
    __rt_entry_postsh_1                      0x0800017b   Thumb Code     0  __rtentry2.o(.ARM.Collect$$rtentry$$00000009)
    __rt_entry_main                          0x0800017f   Thumb Code     0  __rtentry2.o(.ARM.Collect$$rtentry$$0000000D)
    __rt_entry_postli_1                      0x0800017f   Thumb Code     0  __rtentry2.o(.ARM.Collect$$rtentry$$0000000C)
    __rt_exit                                0x08000187   Thumb Code     0  rtexit.o(.ARM.Collect$$rtexit$$00000000)
    __rt_exit_ls                             0x08000189   Thumb Code     0  rtexit2.o(.ARM.Collect$$rtexit$$00000003)
    __rt_exit_prels_1                        0x08000189   Thumb Code     0  rtexit2.o(.ARM.Collect$$rtexit$$00000002)
    __rt_exit_exit                           0x0800018d   Thumb Code     0  rtexit2.o(.ARM.Collect$$rtexit$$00000004)
    rand                                     0x08000195   Thumb Code    48  rand.o(.emb_text)
    Reset_Handler                            0x080001c9   Thumb Code     8  startup_stm32f10x_md.o(.text)
    _maybe_terminate_alloc                   0x080001c9   Thumb Code     0  maybetermalloc1.o(.emb_text)
    ADC1_2_IRQHandler                        0x080001e3   Thumb Code     0  startup_stm32f10x_md.o(.text)
    CAN1_RX1_IRQHandler                      0x080001e3   Thumb Code     0  startup_stm32f10x_md.o(.text)
    CAN1_SCE_IRQHandler                      0x080001e3   Thumb Code     0  startup_stm32f10x_md.o(.text)
    DMA1_Channel1_IRQHandler                 0x080001e3   Thumb Code     0  startup_stm32f10x_md.o(.text)
    DMA1_Channel2_IRQHandler                 0x080001e3   Thumb Code     0  startup_stm32f10x_md.o(.text)
    DMA1_Channel3_IRQHandler                 0x080001e3   Thumb Code     0  startup_stm32f10x_md.o(.text)
    DMA1_Channel4_IRQHandler                 0x080001e3   Thumb Code     0  startup_stm32f10x_md.o(.text)
    DMA1_Channel5_IRQHandler                 0x080001e3   Thumb Code     0  startup_stm32f10x_md.o(.text)
    DMA1_Channel6_IRQHandler                 0x080001e3   Thumb Code     0  startup_stm32f10x_md.o(.text)
    DMA1_Channel7_IRQHandler                 0x080001e3   Thumb Code     0  startup_stm32f10x_md.o(.text)
    EXTI0_IRQHandler                         0x080001e3   Thumb Code     0  startup_stm32f10x_md.o(.text)
    EXTI15_10_IRQHandler                     0x080001e3   Thumb Code     0  startup_stm32f10x_md.o(.text)
    EXTI1_IRQHandler                         0x080001e3   Thumb Code     0  startup_stm32f10x_md.o(.text)
    EXTI2_IRQHandler                         0x080001e3   Thumb Code     0  startup_stm32f10x_md.o(.text)
    EXTI3_IRQHandler                         0x080001e3   Thumb Code     0  startup_stm32f10x_md.o(.text)
    EXTI4_IRQHandler                         0x080001e3   Thumb Code     0  startup_stm32f10x_md.o(.text)
    EXTI9_5_IRQHandler                       0x080001e3   Thumb Code     0  startup_stm32f10x_md.o(.text)
    FLASH_IRQHandler                         0x080001e3   Thumb Code     0  startup_stm32f10x_md.o(.text)
    I2C1_ER_IRQHandler                       0x080001e3   Thumb Code     0  startup_stm32f10x_md.o(.text)
    I2C1_EV_IRQHandler                       0x080001e3   Thumb Code     0  startup_stm32f10x_md.o(.text)
    I2C2_ER_IRQHandler                       0x080001e3   Thumb Code     0  startup_stm32f10x_md.o(.text)
    I2C2_EV_IRQHandler                       0x080001e3   Thumb Code     0  startup_stm32f10x_md.o(.text)
    PVD_IRQHandler                           0x080001e3   Thumb Code     0  startup_stm32f10x_md.o(.text)
    RCC_IRQHandler                           0x080001e3   Thumb Code     0  startup_stm32f10x_md.o(.text)
    RTCAlarm_IRQHandler                      0x080001e3   Thumb Code     0  startup_stm32f10x_md.o(.text)
    RTC_IRQHandler                           0x080001e3   Thumb Code     0  startup_stm32f10x_md.o(.text)
    SPI1_IRQHandler                          0x080001e3   Thumb Code     0  startup_stm32f10x_md.o(.text)
    SPI2_IRQHandler                          0x080001e3   Thumb Code     0  startup_stm32f10x_md.o(.text)
    TAMPER_IRQHandler                        0x080001e3   Thumb Code     0  startup_stm32f10x_md.o(.text)
    TIM1_BRK_IRQHandler                      0x080001e3   Thumb Code     0  startup_stm32f10x_md.o(.text)
    TIM1_CC_IRQHandler                       0x080001e3   Thumb Code     0  startup_stm32f10x_md.o(.text)
    TIM1_TRG_COM_IRQHandler                  0x080001e3   Thumb Code     0  startup_stm32f10x_md.o(.text)
    TIM1_UP_IRQHandler                       0x080001e3   Thumb Code     0  startup_stm32f10x_md.o(.text)
    TIM3_IRQHandler                          0x080001e3   Thumb Code     0  startup_stm32f10x_md.o(.text)
    TIM4_IRQHandler                          0x080001e3   Thumb Code     0  startup_stm32f10x_md.o(.text)
    USART1_IRQHandler                        0x080001e3   Thumb Code     0  startup_stm32f10x_md.o(.text)
    USART2_IRQHandler                        0x080001e3   Thumb Code     0  startup_stm32f10x_md.o(.text)
    USART3_IRQHandler                        0x080001e3   Thumb Code     0  startup_stm32f10x_md.o(.text)
    USBWakeUp_IRQHandler                     0x080001e3   Thumb Code     0  startup_stm32f10x_md.o(.text)
    USB_HP_CAN1_TX_IRQHandler                0x080001e3   Thumb Code     0  startup_stm32f10x_md.o(.text)
    USB_LP_CAN1_RX0_IRQHandler               0x080001e3   Thumb Code     0  startup_stm32f10x_md.o(.text)
    WWDG_IRQHandler                          0x080001e3   Thumb Code     0  startup_stm32f10x_md.o(.text)
    __user_initial_stackheap                 0x080001e5   Thumb Code     0  startup_stm32f10x_md.o(.text)
    malloc                                   0x08000209   Thumb Code    94  h1_alloc.o(.text)
    srand                                    0x08000269   Thumb Code    42  rand.o(.text)
    _rand_init                               0x08000293   Thumb Code     4  rand.o(.text)
    __use_two_region_memory                  0x080002a5   Thumb Code     2  heapauxi.o(.text)
    __rt_heap_escrow                         0x080002a7   Thumb Code     2  heapauxi.o(.text)
    __rt_heap_expand                         0x080002a9   Thumb Code     2  heapauxi.o(.text)
    __rt_heap_descriptor                     0x080002ad   Thumb Code     8  rt_heap_descriptor_intlibspace.o(.text)
    __use_no_heap                            0x080002b5   Thumb Code     2  hguard.o(.text)
    __heap$guard                             0x080002b7   Thumb Code     2  hguard.o(.text)
    _terminate_user_alloc                    0x080002b9   Thumb Code     2  init_alloc.o(.text)
    _init_user_alloc                         0x080002bb   Thumb Code     2  init_alloc.o(.text)
    __Heap_Full                              0x080002bd   Thumb Code    34  init_alloc.o(.text)
    __Heap_Broken                            0x080002df   Thumb Code     6  init_alloc.o(.text)
    _init_alloc                              0x080002e5   Thumb Code    94  init_alloc.o(.text)
    __Heap_Initialize                        0x08000343   Thumb Code    10  h1_init.o(.text)
    __Heap_DescSize                          0x0800034d   Thumb Code     4  h1_init.o(.text)
    free                                     0x08000351   Thumb Code    78  h1_free.o(.text)
    __user_libspace                          0x080003a1   Thumb Code     8  libspace.o(.text)
    __user_perproc_libspace                  0x080003a1   Thumb Code     0  libspace.o(.text)
    __user_perthread_libspace                0x080003a1   Thumb Code     0  libspace.o(.text)
    __Heap_ProvideMemory                     0x080003a9   Thumb Code    52  h1_extend.o(.text)
    __rt_SIGRTMEM                            0x080003dd   Thumb Code    14  defsig_rtmem_outer.o(.text)
    __I$use$semihosting                      0x080003eb   Thumb Code     0  use_no_semi.o(.text)
    __use_no_semihosting_swi                 0x080003eb   Thumb Code     2  use_no_semi.o(.text)
    __semihosting_library_function           0x080003ed   Thumb Code     0  indicate_semi.o(.text)
    __user_setup_stackheap                   0x080003ed   Thumb Code    74  sys_stackheap_outer.o(.text)
    exit                                     0x08000437   Thumb Code    18  exit.o(.text)
    __sig_exit                               0x08000449   Thumb Code    10  defsig_exit.o(.text)
    __rt_SIGRTMEM_inner                      0x08000455   Thumb Code    22  defsig_rtmem_inner.o(.text)
    _sys_exit                                0x080004a5   Thumb Code     8  sys_exit.o(.text)
    __default_signal_display                 0x080004b1   Thumb Code    50  defsig_general.o(.text)
    _ttywrch                                 0x080004e3   Thumb Code    14  sys_wrch.o(.text)
    BusFault_Handler                         0x080004f1   Thumb Code     4  stm32f10x_it.o(i.BusFault_Handler)
    DebugMon_Handler                         0x080004f5   Thumb Code     2  stm32f10x_it.o(i.DebugMon_Handler)
    Delay_ms                                 0x080004f7   Thumb Code    24  delay.o(i.Delay_ms)
    Delay_us                                 0x0800050f   Thumb Code    46  delay.o(i.Delay_us)
    GPIO_Init                                0x0800053d   Thumb Code   278  stm32f10x_gpio.o(i.GPIO_Init)
    GPIO_ReadInputDataBit                    0x08000653   Thumb Code    18  stm32f10x_gpio.o(i.GPIO_ReadInputDataBit)
    GPIO_SetBits                             0x08000665   Thumb Code     4  stm32f10x_gpio.o(i.GPIO_SetBits)
    GPIO_WriteBit                            0x08000669   Thumb Code    10  stm32f10x_gpio.o(i.GPIO_WriteBit)
    Get_Gravity                              0x08000675   Thumb Code   358  mpu6050.o(i.Get_Gravity)
    HardFault_Handler                        0x08000805   Thumb Code     4  stm32f10x_it.o(i.HardFault_Handler)
    MPU6050_Init                             0x08000809   Thumb Code    56  mpu6050.o(i.MPU6050_Init)
    MPU_ReadReg                              0x08000841   Thumb Code    62  mpu6050.o(i.MPU_ReadReg)
    MPU_WriteReg                             0x0800087f   Thumb Code    46  mpu6050.o(i.MPU_WriteReg)
    Max7219_1_Scan                           0x080008ad   Thumb Code    28  max7219.o(i.Max7219_1_Scan)
    Max7219_2_Scan                           0x080008c9   Thumb Code    28  max7219.o(i.Max7219_2_Scan)
    Max7219_CheckXY                          0x080008e5   Thumb Code    16  max7219.o(i.Max7219_CheckXY)
    Max7219_CloseXY                          0x080008f5   Thumb Code    22  max7219.o(i.Max7219_CloseXY)
    Max7219_Init                             0x0800090b   Thumb Code    68  max7219.o(i.Max7219_Init)
    Max7219_OpenXY                           0x0800094f   Thumb Code    18  max7219.o(i.Max7219_OpenXY)
    Max7219_x_WriteByte                      0x08000961   Thumb Code    88  max7219.o(i.Max7219_x_WriteByte)
    MemManage_Handler                        0x080009b9   Thumb Code     4  stm32f10x_it.o(i.MemManage_Handler)
    MyI2C_Init                               0x080009bd   Thumb Code    50  myi2c.o(i.MyI2C_Init)
    MyI2C_R_SDA                              0x080009f5   Thumb Code    24  myi2c.o(i.MyI2C_R_SDA)
    MyI2C_ReceiveAck                         0x08000a11   Thumb Code    30  myi2c.o(i.MyI2C_ReceiveAck)
    MyI2C_ReceiveByte                        0x08000a2f   Thumb Code    52  myi2c.o(i.MyI2C_ReceiveByte)
    MyI2C_SendAck                            0x08000a63   Thumb Code    24  myi2c.o(i.MyI2C_SendAck)
    MyI2C_SendByte                           0x08000a7b   Thumb Code    42  myi2c.o(i.MyI2C_SendByte)
    MyI2C_Start                              0x08000aa5   Thumb Code    28  myi2c.o(i.MyI2C_Start)
    MyI2C_Stop                               0x08000ac1   Thumb Code    22  myi2c.o(i.MyI2C_Stop)
    MyI2C_W_SCL                              0x08000ad9   Thumb Code    24  myi2c.o(i.MyI2C_W_SCL)
    MyI2C_W_SDA                              0x08000af5   Thumb Code    24  myi2c.o(i.MyI2C_W_SDA)
    MySpi_Init                               0x08000b11   Thumb Code    76  myspi.o(i.MySpi_Init)
    NMI_Handler                              0x08000b61   Thumb Code     2  stm32f10x_it.o(i.NMI_Handler)
    NVIC_Init                                0x08000b65   Thumb Code   100  misc.o(i.NVIC_Init)
    NVIC_PriorityGroupConfig                 0x08000bd5   Thumb Code    10  misc.o(i.NVIC_PriorityGroupConfig)
    OLED_Clear                               0x08000be9   Thumb Code    42  oled.o(i.OLED_Clear)
    OLED_I2C_Init                            0x08000c15   Thumb Code    76  oled.o(i.OLED_I2C_Init)
    OLED_I2C_SendByte                        0x08000c65   Thumb Code    80  oled.o(i.OLED_I2C_SendByte)
    OLED_I2C_Start                           0x08000cb9   Thumb Code    48  oled.o(i.OLED_I2C_Start)
    OLED_I2C_Stop                            0x08000ced   Thumb Code    36  oled.o(i.OLED_I2C_Stop)
    OLED_Init                                0x08000d15   Thumb Code   174  oled.o(i.OLED_Init)
    OLED_Pow                                 0x08000dc3   Thumb Code    20  oled.o(i.OLED_Pow)
    OLED_SetCursor                           0x08000dd7   Thumb Code    34  oled.o(i.OLED_SetCursor)
    OLED_ShowChar                            0x08000df9   Thumb Code   110  oled.o(i.OLED_ShowChar)
    OLED_ShowNum                             0x08000e6d   Thumb Code    68  oled.o(i.OLED_ShowNum)
    OLED_ShowString                          0x08000eb1   Thumb Code    40  oled.o(i.OLED_ShowString)
    OLED_WriteCommand                        0x08000ed9   Thumb Code    32  oled.o(i.OLED_WriteCommand)
    OLED_WriteData                           0x08000ef9   Thumb Code    32  oled.o(i.OLED_WriteData)
    PendSV_Handler                           0x08000f19   Thumb Code     2  stm32f10x_it.o(i.PendSV_Handler)
    RCC_APB1PeriphClockCmd                   0x08000f1d   Thumb Code    26  stm32f10x_rcc.o(i.RCC_APB1PeriphClockCmd)
    RCC_APB2PeriphClockCmd                   0x08000f3d   Thumb Code    26  stm32f10x_rcc.o(i.RCC_APB2PeriphClockCmd)
    SPI_R_MISO                               0x08000f5d   Thumb Code    12  myspi.o(i.SPI_R_MISO)
    SPI_Start                                0x08000f6d   Thumb Code    10  myspi.o(i.SPI_Start)
    SPI_Stop                                 0x08000f77   Thumb Code    10  myspi.o(i.SPI_Stop)
    SPI_SwapByte                             0x08000f81   Thumb Code    60  myspi.o(i.SPI_SwapByte)
    SPI_W_MOSI                               0x08000fbd   Thumb Code    16  myspi.o(i.SPI_W_MOSI)
    SPI_W_SCK                                0x08000fd1   Thumb Code    16  myspi.o(i.SPI_W_SCK)
    SPI_W_SS                                 0x08000fe5   Thumb Code    16  myspi.o(i.SPI_W_SS)
    SVC_Handler                              0x08000ff9   Thumb Code     2  stm32f10x_it.o(i.SVC_Handler)
    SysTick_Handler                          0x080010e5   Thumb Code     2  stm32f10x_it.o(i.SysTick_Handler)
    SystemInit                               0x080010e9   Thumb Code    78  system_stm32f10x.o(i.SystemInit)
    TIM2_IRQHandler                          0x08001149   Thumb Code    38  timer.o(i.TIM2_IRQHandler)
    TIM_ClearFlag                            0x08001175   Thumb Code     6  stm32f10x_tim.o(i.TIM_ClearFlag)
    TIM_ClearITPendingBit                    0x0800117b   Thumb Code     6  stm32f10x_tim.o(i.TIM_ClearITPendingBit)
    TIM_Cmd                                  0x08001181   Thumb Code    24  stm32f10x_tim.o(i.TIM_Cmd)
    TIM_GetITStatus                          0x08001199   Thumb Code    34  stm32f10x_tim.o(i.TIM_GetITStatus)
    TIM_ITConfig                             0x080011bb   Thumb Code    18  stm32f10x_tim.o(i.TIM_ITConfig)
    TIM_InternalClockConfig                  0x080011cd   Thumb Code    12  stm32f10x_tim.o(i.TIM_InternalClockConfig)
    TIM_TimeBaseInit                         0x080011d9   Thumb Code   122  stm32f10x_tim.o(i.TIM_TimeBaseInit)
    Timer_Init                               0x0800127d   Thumb Code   128  timer.o(i.Timer_Init)
    UsageFault_Handler                       0x080012fd   Thumb Code     4  stm32f10x_it.o(i.UsageFault_Handler)
    __ARM_fpclassify                         0x08001301   Thumb Code    40  fpclassify.o(i.__ARM_fpclassify)
    __kernel_poly                            0x08001329   Thumb Code   170  poly.o(i.__kernel_poly)
    __mathlib_dbl_infnan                     0x080013d3   Thumb Code     6  dunder.o(i.__mathlib_dbl_infnan)
    __mathlib_dbl_infnan2                    0x080013d9   Thumb Code     4  dunder.o(i.__mathlib_dbl_infnan2)
    __mathlib_dbl_underflow                  0x080013dd   Thumb Code    10  dunder.o(i.__mathlib_dbl_underflow)
    atan                                     0x080013ed   Thumb Code   474  atan.o(i.atan)
    atan2                                    0x0800160d   Thumb Code   346  atan2.o(i.atan2)
    hourglass_Init                           0x0800178d   Thumb Code   124  hourglass.o(i.hourglass_Init)
    hourglass_set_gravity                    0x08001809   Thumb Code    78  hourglass.o(i.hourglass_set_gravity)
    if_down_null                             0x08001859   Thumb Code   542  hourglass.o(i.if_down_null)
    if_left_null                             0x08001a7d   Thumb Code   320  hourglass.o(i.if_left_null)
    if_right_null                            0x08001bbd   Thumb Code   320  hourglass.o(i.if_right_null)
    main                                     0x08001cfd   Thumb Code   108  main.o(i.main)
    move_down                                0x08001d79   Thumb Code   324  hourglass.o(i.move_down)
    move_left                                0x08001ebd   Thumb Code   324  hourglass.o(i.move_left)
    move_right                               0x08002001   Thumb Code   324  hourglass.o(i.move_right)
    sand_next                                0x08002145   Thumb Code   312  hourglass.o(i.sand_next)
    __aeabi_dadd                             0x08002281   Thumb Code     0  daddsub_clz.o(x$fpl$dadd)
    _dadd                                    0x08002281   Thumb Code   332  daddsub_clz.o(x$fpl$dadd)
    __fpl_dcheck_NaN1                        0x080023d1   Thumb Code    10  dcheck1.o(x$fpl$dcheck1)
    __fpl_dcmp_Inf                           0x080023e1   Thumb Code    24  dcmpi.o(x$fpl$dcmpinf)
    __aeabi_ddiv                             0x080023f9   Thumb Code     0  ddiv.o(x$fpl$ddiv)
    _ddiv                                    0x080023f9   Thumb Code   552  ddiv.o(x$fpl$ddiv)
    __aeabi_i2d                              0x080026a9   Thumb Code     0  dflt_clz.o(x$fpl$dflt)
    _dflt                                    0x080026a9   Thumb Code    46  dflt_clz.o(x$fpl$dflt)
    __aeabi_cdcmple                          0x080026d9   Thumb Code     0  dleqf.o(x$fpl$dleqf)
    _dcmple                                  0x080026d9   Thumb Code   120  dleqf.o(x$fpl$dleqf)
    __fpl_dcmple_InfNaN                      0x0800273b   Thumb Code     0  dleqf.o(x$fpl$dleqf)
    __aeabi_dmul                             0x08002751   Thumb Code     0  dmul.o(x$fpl$dmul)
    _dmul                                    0x08002751   Thumb Code   332  dmul.o(x$fpl$dmul)
    __fpl_dnaninf                            0x080028a5   Thumb Code   156  dnaninf.o(x$fpl$dnaninf)
    __fpl_dretinf                            0x08002941   Thumb Code    12  dretinf.o(x$fpl$dretinf)
    __aeabi_cdrcmple                         0x0800294d   Thumb Code     0  drleqf.o(x$fpl$drleqf)
    _drcmple                                 0x0800294d   Thumb Code   108  drleqf.o(x$fpl$drleqf)
    __aeabi_drsub                            0x080029b9   Thumb Code     0  daddsub_clz.o(x$fpl$drsb)
    _drsb                                    0x080029b9   Thumb Code    22  daddsub_clz.o(x$fpl$drsb)
    __aeabi_dsub                             0x080029d1   Thumb Code     0  daddsub_clz.o(x$fpl$dsub)
    _dsub                                    0x080029d1   Thumb Code   464  daddsub_clz.o(x$fpl$dsub)
    __fpl_return_NaN                         0x08002ba5   Thumb Code   100  retnan.o(x$fpl$retnan)
    __ARM_scalbn                             0x08002c09   Thumb Code    92  scalbn.o(x$fpl$scalbn)
    __fpl_cmpreturn                          0x08002c65   Thumb Code    48  trapv.o(x$fpl$trapveneer)
    OLED_F8x16                               0x08002c94   Data        1520  oled.o(.constdata)
    __I$use$fp                               0x08002c94   Number         0  usenofp.o(x$fpl$usenofp)
    __mathlib_zero                           0x08003320   Data           8  qnan.o(.constdata)
    Region$$Table$$Base                      0x08003328   Number         0  anon$$obj.o(Region$$Table)
    Region$$Table$$Limit                     0x08003348   Number         0  anon$$obj.o(Region$$Table)
    flag_status                              0x20000000   Data           1  main.o(.data)
    hg                                       0x20000004   Data          28  main.o(.bss)
    _random_number_data                      0x20000020   Data         228  rand.o(.bss)
    __libspace_start                         0x20000104   Data          96  libspace.o(.bss)
    __temporary_stack_top$libspace           0x20000164   Data           0  libspace.o(.bss)



==============================================================================

Memory Map of the image

  Image Entry point : 0x080000ed

  Load Region LR_IROM1 (Base: 0x08000000, Size: 0x0000334c, Max: 0x00010000, ABSOLUTE)

    Execution Region ER_IROM1 (Exec base: 0x08000000, Load base: 0x08000000, Size: 0x00003348, Max: 0x00010000, ABSOLUTE)

    Exec Addr    Load Addr    Size         Type   Attr      Idx    E Section Name        Object

    0x08000000   0x08000000   0x000000ec   Data   RO            3    RESET               startup_stm32f10x_md.o
    0x080000ec   0x080000ec   0x00000008   Code   RO         3889  * !!!main             c_w.l(__main.o)
    0x080000f4   0x080000f4   0x00000034   Code   RO         4179    !!!scatter          c_w.l(__scatter.o)
    0x08000128   0x08000128   0x0000001a   Code   RO         4181    !!handler_copy      c_w.l(__scatter_copy.o)
    0x08000142   0x08000142   0x00000002   PAD
    0x08000144   0x08000144   0x0000001c   Code   RO         4183    !!handler_zi        c_w.l(__scatter_zi.o)
    0x08000160   0x08000160   0x00000002   Code   RO         4112    .ARM.Collect$$libinit$$00000000  c_w.l(libinit.o)
    0x08000162   0x08000162   0x00000000   Code   RO         3952    .ARM.Collect$$libinit$$00000002  c_w.l(libinit2.o)
    0x08000162   0x08000162   0x00000000   Code   RO         3954    .ARM.Collect$$libinit$$00000004  c_w.l(libinit2.o)
    0x08000162   0x08000162   0x00000008   Code   RO         3955    .ARM.Collect$$libinit$$00000005  c_w.l(libinit2.o)
    0x0800016a   0x0800016a   0x00000000   Code   RO         3957    .ARM.Collect$$libinit$$0000000A  c_w.l(libinit2.o)
    0x0800016a   0x0800016a   0x00000000   Code   RO         3959    .ARM.Collect$$libinit$$0000000C  c_w.l(libinit2.o)
    0x0800016a   0x0800016a   0x00000004   Code   RO         3960    .ARM.Collect$$libinit$$0000000D  c_w.l(libinit2.o)
    0x0800016e   0x0800016e   0x00000000   Code   RO         3961    .ARM.Collect$$libinit$$0000000E  c_w.l(libinit2.o)
    0x0800016e   0x0800016e   0x00000000   Code   RO         3964    .ARM.Collect$$libinit$$00000011  c_w.l(libinit2.o)
    0x0800016e   0x0800016e   0x00000000   Code   RO         3966    .ARM.Collect$$libinit$$00000013  c_w.l(libinit2.o)
    0x0800016e   0x0800016e   0x00000000   Code   RO         3968    .ARM.Collect$$libinit$$00000015  c_w.l(libinit2.o)
    0x0800016e   0x0800016e   0x00000000   Code   RO         3970    .ARM.Collect$$libinit$$00000017  c_w.l(libinit2.o)
    0x0800016e   0x0800016e   0x00000000   Code   RO         3972    .ARM.Collect$$libinit$$00000019  c_w.l(libinit2.o)
    0x0800016e   0x0800016e   0x00000000   Code   RO         3974    .ARM.Collect$$libinit$$0000001B  c_w.l(libinit2.o)
    0x0800016e   0x0800016e   0x00000000   Code   RO         3976    .ARM.Collect$$libinit$$0000001D  c_w.l(libinit2.o)
    0x0800016e   0x0800016e   0x00000000   Code   RO         3978    .ARM.Collect$$libinit$$0000001F  c_w.l(libinit2.o)
    0x0800016e   0x0800016e   0x00000000   Code   RO         3980    .ARM.Collect$$libinit$$00000021  c_w.l(libinit2.o)
    0x0800016e   0x0800016e   0x00000000   Code   RO         3982    .ARM.Collect$$libinit$$00000023  c_w.l(libinit2.o)
    0x0800016e   0x0800016e   0x00000000   Code   RO         3984    .ARM.Collect$$libinit$$00000025  c_w.l(libinit2.o)
    0x0800016e   0x0800016e   0x00000000   Code   RO         3988    .ARM.Collect$$libinit$$0000002C  c_w.l(libinit2.o)
    0x0800016e   0x0800016e   0x00000000   Code   RO         3990    .ARM.Collect$$libinit$$0000002E  c_w.l(libinit2.o)
    0x0800016e   0x0800016e   0x00000000   Code   RO         3992    .ARM.Collect$$libinit$$00000030  c_w.l(libinit2.o)
    0x0800016e   0x0800016e   0x00000000   Code   RO         3994    .ARM.Collect$$libinit$$00000032  c_w.l(libinit2.o)
    0x0800016e   0x0800016e   0x00000002   Code   RO         3995    .ARM.Collect$$libinit$$00000033  c_w.l(libinit2.o)
    0x08000170   0x08000170   0x00000002   Code   RO         4176    .ARM.Collect$$libshutdown$$00000000  c_w.l(libshutdown.o)
    0x08000172   0x08000172   0x00000000   Code   RO         4128    .ARM.Collect$$libshutdown$$00000002  c_w.l(libshutdown2.o)
    0x08000172   0x08000172   0x00000000   Code   RO         4130    .ARM.Collect$$libshutdown$$00000004  c_w.l(libshutdown2.o)
    0x08000172   0x08000172   0x00000000   Code   RO         4133    .ARM.Collect$$libshutdown$$00000007  c_w.l(libshutdown2.o)
    0x08000172   0x08000172   0x00000000   Code   RO         4136    .ARM.Collect$$libshutdown$$0000000A  c_w.l(libshutdown2.o)
    0x08000172   0x08000172   0x00000000   Code   RO         4138    .ARM.Collect$$libshutdown$$0000000C  c_w.l(libshutdown2.o)
    0x08000172   0x08000172   0x00000000   Code   RO         4141    .ARM.Collect$$libshutdown$$0000000F  c_w.l(libshutdown2.o)
    0x08000172   0x08000172   0x00000002   Code   RO         4142    .ARM.Collect$$libshutdown$$00000010  c_w.l(libshutdown2.o)
    0x08000174   0x08000174   0x00000000   Code   RO         3913    .ARM.Collect$$rtentry$$00000000  c_w.l(__rtentry.o)
    0x08000174   0x08000174   0x00000000   Code   RO         4044    .ARM.Collect$$rtentry$$00000002  c_w.l(__rtentry2.o)
    0x08000174   0x08000174   0x00000006   Code   RO         4056    .ARM.Collect$$rtentry$$00000004  c_w.l(__rtentry4.o)
    0x0800017a   0x0800017a   0x00000000   Code   RO         4046    .ARM.Collect$$rtentry$$00000009  c_w.l(__rtentry2.o)
    0x0800017a   0x0800017a   0x00000004   Code   RO         4047    .ARM.Collect$$rtentry$$0000000A  c_w.l(__rtentry2.o)
    0x0800017e   0x0800017e   0x00000000   Code   RO         4049    .ARM.Collect$$rtentry$$0000000C  c_w.l(__rtentry2.o)
    0x0800017e   0x0800017e   0x00000008   Code   RO         4050    .ARM.Collect$$rtentry$$0000000D  c_w.l(__rtentry2.o)
    0x08000186   0x08000186   0x00000002   Code   RO         4117    .ARM.Collect$$rtexit$$00000000  c_w.l(rtexit.o)
    0x08000188   0x08000188   0x00000000   Code   RO         4148    .ARM.Collect$$rtexit$$00000002  c_w.l(rtexit2.o)
    0x08000188   0x08000188   0x00000004   Code   RO         4149    .ARM.Collect$$rtexit$$00000003  c_w.l(rtexit2.o)
    0x0800018c   0x0800018c   0x00000006   Code   RO         4150    .ARM.Collect$$rtexit$$00000004  c_w.l(rtexit2.o)
    0x08000192   0x08000192   0x00000002   PAD
    0x08000194   0x08000194   0x00000034   Code   RO         3882    .emb_text           c_w.l(rand.o)
    0x080001c8   0x080001c8   0x00000000   Code   RO         4065    .emb_text           c_w.l(maybetermalloc1.o)
    0x080001c8   0x080001c8   0x00000040   Code   RO            4    .text               startup_stm32f10x_md.o
    0x08000208   0x08000208   0x0000005e   Code   RO         3828    .text               c_w.l(h1_alloc.o)
    0x08000266   0x08000266   0x00000002   PAD
    0x08000268   0x08000268   0x0000003c   Code   RO         3883    .text               c_w.l(rand.o)
    0x080002a4   0x080002a4   0x00000006   Code   RO         3887    .text               c_w.l(heapauxi.o)
    0x080002aa   0x080002aa   0x00000002   PAD
    0x080002ac   0x080002ac   0x00000008   Code   RO         3917    .text               c_w.l(rt_heap_descriptor_intlibspace.o)
    0x080002b4   0x080002b4   0x00000004   Code   RO         3919    .text               c_w.l(hguard.o)
    0x080002b8   0x080002b8   0x0000008a   Code   RO         3921    .text               c_w.l(init_alloc.o)
    0x08000342   0x08000342   0x0000000e   Code   RO         3927    .text               c_w.l(h1_init.o)
    0x08000350   0x08000350   0x0000004e   Code   RO         3929    .text               c_w.l(h1_free.o)
    0x0800039e   0x0800039e   0x00000002   PAD
    0x080003a0   0x080003a0   0x00000008   Code   RO         4040    .text               c_w.l(libspace.o)
    0x080003a8   0x080003a8   0x00000034   Code   RO         4067    .text               c_w.l(h1_extend.o)
    0x080003dc   0x080003dc   0x0000000e   Code   RO         4071    .text               c_w.l(defsig_rtmem_outer.o)
    0x080003ea   0x080003ea   0x00000002   Code   RO         4088    .text               c_w.l(use_no_semi.o)
    0x080003ec   0x080003ec   0x00000000   Code   RO         4090    .text               c_w.l(indicate_semi.o)
    0x080003ec   0x080003ec   0x0000004a   Code   RO         4091    .text               c_w.l(sys_stackheap_outer.o)
    0x08000436   0x08000436   0x00000012   Code   RO         4097    .text               c_w.l(exit.o)
    0x08000448   0x08000448   0x0000000a   Code   RO         4099    .text               c_w.l(defsig_exit.o)
    0x08000452   0x08000452   0x00000002   PAD
    0x08000454   0x08000454   0x00000050   Code   RO         4101    .text               c_w.l(defsig_rtmem_inner.o)
    0x080004a4   0x080004a4   0x0000000c   Code   RO         4115    .text               c_w.l(sys_exit.o)
    0x080004b0   0x080004b0   0x00000032   Code   RO         4125    .text               c_w.l(defsig_general.o)
    0x080004e2   0x080004e2   0x0000000e   Code   RO         4145    .text               c_w.l(sys_wrch.o)
    0x080004f0   0x080004f0   0x00000004   Code   RO         3761    i.BusFault_Handler  stm32f10x_it.o
    0x080004f4   0x080004f4   0x00000002   Code   RO         3762    i.DebugMon_Handler  stm32f10x_it.o
    0x080004f6   0x080004f6   0x00000018   Code   RO         3196    i.Delay_ms          delay.o
    0x0800050e   0x0800050e   0x0000002e   Code   RO         3198    i.Delay_us          delay.o
    0x0800053c   0x0800053c   0x00000116   Code   RO         1347    i.GPIO_Init         stm32f10x_gpio.o
    0x08000652   0x08000652   0x00000012   Code   RO         1351    i.GPIO_ReadInputDataBit  stm32f10x_gpio.o
    0x08000664   0x08000664   0x00000004   Code   RO         1355    i.GPIO_SetBits      stm32f10x_gpio.o
    0x08000668   0x08000668   0x0000000a   Code   RO         1358    i.GPIO_WriteBit     stm32f10x_gpio.o
    0x08000672   0x08000672   0x00000002   PAD
    0x08000674   0x08000674   0x00000190   Code   RO         3505    i.Get_Gravity       mpu6050.o
    0x08000804   0x08000804   0x00000004   Code   RO         3763    i.HardFault_Handler  stm32f10x_it.o
    0x08000808   0x08000808   0x00000038   Code   RO         3506    i.MPU6050_Init      mpu6050.o
    0x08000840   0x08000840   0x0000003e   Code   RO         3507    i.MPU_ReadReg       mpu6050.o
    0x0800087e   0x0800087e   0x0000002e   Code   RO         3508    i.MPU_WriteReg      mpu6050.o
    0x080008ac   0x080008ac   0x0000001c   Code   RO         3545    i.Max7219_1_Scan    max7219.o
    0x080008c8   0x080008c8   0x0000001c   Code   RO         3546    i.Max7219_2_Scan    max7219.o
    0x080008e4   0x080008e4   0x00000010   Code   RO         3547    i.Max7219_CheckXY   max7219.o
    0x080008f4   0x080008f4   0x00000016   Code   RO         3548    i.Max7219_CloseXY   max7219.o
    0x0800090a   0x0800090a   0x00000044   Code   RO         3549    i.Max7219_Init      max7219.o
    0x0800094e   0x0800094e   0x00000012   Code   RO         3550    i.Max7219_OpenXY    max7219.o
    0x08000960   0x08000960   0x00000058   Code   RO         3551    i.Max7219_x_WriteByte  max7219.o
    0x080009b8   0x080009b8   0x00000004   Code   RO         3764    i.MemManage_Handler  stm32f10x_it.o
    0x080009bc   0x080009bc   0x00000038   Code   RO         3436    i.MyI2C_Init        myi2c.o
    0x080009f4   0x080009f4   0x0000001c   Code   RO         3437    i.MyI2C_R_SDA       myi2c.o
    0x08000a10   0x08000a10   0x0000001e   Code   RO         3438    i.MyI2C_ReceiveAck  myi2c.o
    0x08000a2e   0x08000a2e   0x00000034   Code   RO         3439    i.MyI2C_ReceiveByte  myi2c.o
    0x08000a62   0x08000a62   0x00000018   Code   RO         3440    i.MyI2C_SendAck     myi2c.o
    0x08000a7a   0x08000a7a   0x0000002a   Code   RO         3441    i.MyI2C_SendByte    myi2c.o
    0x08000aa4   0x08000aa4   0x0000001c   Code   RO         3442    i.MyI2C_Start       myi2c.o
    0x08000ac0   0x08000ac0   0x00000016   Code   RO         3443    i.MyI2C_Stop        myi2c.o
    0x08000ad6   0x08000ad6   0x00000002   PAD
    0x08000ad8   0x08000ad8   0x0000001c   Code   RO         3444    i.MyI2C_W_SCL       myi2c.o
    0x08000af4   0x08000af4   0x0000001c   Code   RO         3445    i.MyI2C_W_SDA       myi2c.o
    0x08000b10   0x08000b10   0x00000050   Code   RO         3596    i.MySpi_Init        myspi.o
    0x08000b60   0x08000b60   0x00000002   Code   RO         3765    i.NMI_Handler       stm32f10x_it.o
    0x08000b62   0x08000b62   0x00000002   PAD
    0x08000b64   0x08000b64   0x00000070   Code   RO          137    i.NVIC_Init         misc.o
    0x08000bd4   0x08000bd4   0x00000014   Code   RO          138    i.NVIC_PriorityGroupConfig  misc.o
    0x08000be8   0x08000be8   0x0000002a   Code   RO         3328    i.OLED_Clear        oled.o
    0x08000c12   0x08000c12   0x00000002   PAD
    0x08000c14   0x08000c14   0x00000050   Code   RO         3329    i.OLED_I2C_Init     oled.o
    0x08000c64   0x08000c64   0x00000054   Code   RO         3330    i.OLED_I2C_SendByte  oled.o
    0x08000cb8   0x08000cb8   0x00000034   Code   RO         3331    i.OLED_I2C_Start    oled.o
    0x08000cec   0x08000cec   0x00000028   Code   RO         3332    i.OLED_I2C_Stop     oled.o
    0x08000d14   0x08000d14   0x000000ae   Code   RO         3333    i.OLED_Init         oled.o
    0x08000dc2   0x08000dc2   0x00000014   Code   RO         3334    i.OLED_Pow          oled.o
    0x08000dd6   0x08000dd6   0x00000022   Code   RO         3335    i.OLED_SetCursor    oled.o
    0x08000df8   0x08000df8   0x00000074   Code   RO         3337    i.OLED_ShowChar     oled.o
    0x08000e6c   0x08000e6c   0x00000044   Code   RO         3339    i.OLED_ShowNum      oled.o
    0x08000eb0   0x08000eb0   0x00000028   Code   RO         3341    i.OLED_ShowString   oled.o
    0x08000ed8   0x08000ed8   0x00000020   Code   RO         3342    i.OLED_WriteCommand  oled.o
    0x08000ef8   0x08000ef8   0x00000020   Code   RO         3343    i.OLED_WriteData    oled.o
    0x08000f18   0x08000f18   0x00000002   Code   RO         3766    i.PendSV_Handler    stm32f10x_it.o
    0x08000f1a   0x08000f1a   0x00000002   PAD
    0x08000f1c   0x08000f1c   0x00000020   Code   RO         1775    i.RCC_APB1PeriphClockCmd  stm32f10x_rcc.o
    0x08000f3c   0x08000f3c   0x00000020   Code   RO         1777    i.RCC_APB2PeriphClockCmd  stm32f10x_rcc.o
    0x08000f5c   0x08000f5c   0x00000010   Code   RO         3597    i.SPI_R_MISO        myspi.o
    0x08000f6c   0x08000f6c   0x0000000a   Code   RO         3598    i.SPI_Start         myspi.o
    0x08000f76   0x08000f76   0x0000000a   Code   RO         3599    i.SPI_Stop          myspi.o
    0x08000f80   0x08000f80   0x0000003c   Code   RO         3600    i.SPI_SwapByte      myspi.o
    0x08000fbc   0x08000fbc   0x00000014   Code   RO         3601    i.SPI_W_MOSI        myspi.o
    0x08000fd0   0x08000fd0   0x00000014   Code   RO         3602    i.SPI_W_SCK         myspi.o
    0x08000fe4   0x08000fe4   0x00000014   Code   RO         3603    i.SPI_W_SS          myspi.o
    0x08000ff8   0x08000ff8   0x00000002   Code   RO         3767    i.SVC_Handler       stm32f10x_it.o
    0x08000ffa   0x08000ffa   0x00000008   Code   RO           24    i.SetSysClock       system_stm32f10x.o
    0x08001002   0x08001002   0x00000002   PAD
    0x08001004   0x08001004   0x000000e0   Code   RO           25    i.SetSysClockTo72   system_stm32f10x.o
    0x080010e4   0x080010e4   0x00000002   Code   RO         3768    i.SysTick_Handler   stm32f10x_it.o
    0x080010e6   0x080010e6   0x00000002   PAD
    0x080010e8   0x080010e8   0x00000060   Code   RO           27    i.SystemInit        system_stm32f10x.o
    0x08001148   0x08001148   0x0000002c   Code   RO         3220    i.TIM2_IRQHandler   timer.o
    0x08001174   0x08001174   0x00000006   Code   RO         2415    i.TIM_ClearFlag     stm32f10x_tim.o
    0x0800117a   0x0800117a   0x00000006   Code   RO         2416    i.TIM_ClearITPendingBit  stm32f10x_tim.o
    0x08001180   0x08001180   0x00000018   Code   RO         2421    i.TIM_Cmd           stm32f10x_tim.o
    0x08001198   0x08001198   0x00000022   Code   RO         2442    i.TIM_GetITStatus   stm32f10x_tim.o
    0x080011ba   0x080011ba   0x00000012   Code   RO         2446    i.TIM_ITConfig      stm32f10x_tim.o
    0x080011cc   0x080011cc   0x0000000c   Code   RO         2448    i.TIM_InternalClockConfig  stm32f10x_tim.o
    0x080011d8   0x080011d8   0x000000a4   Code   RO         2492    i.TIM_TimeBaseInit  stm32f10x_tim.o
    0x0800127c   0x0800127c   0x00000080   Code   RO         3221    i.Timer_Init        timer.o
    0x080012fc   0x080012fc   0x00000004   Code   RO         3769    i.UsageFault_Handler  stm32f10x_it.o
    0x08001300   0x08001300   0x00000028   Code   RO         4084    i.__ARM_fpclassify  m_ws.l(fpclassify.o)
    0x08001328   0x08001328   0x000000aa   Code   RO         4086    i.__kernel_poly     m_ws.l(poly.o)
    0x080013d2   0x080013d2   0x00000006   Code   RO         4024    i.__mathlib_dbl_infnan  m_ws.l(dunder.o)
    0x080013d8   0x080013d8   0x00000004   Code   RO         4025    i.__mathlib_dbl_infnan2  m_ws.l(dunder.o)
    0x080013dc   0x080013dc   0x00000010   Code   RO         4029    i.__mathlib_dbl_underflow  m_ws.l(dunder.o)
    0x080013ec   0x080013ec   0x00000220   Code   RO         4014    i.atan              m_ws.l(atan.o)
    0x0800160c   0x0800160c   0x00000180   Code   RO         3904    i.atan2             m_ws.l(atan2.o)
    0x0800178c   0x0800178c   0x0000007c   Code   RO         3650    i.hourglass_Init    hourglass.o
    0x08001808   0x08001808   0x0000004e   Code   RO         3651    i.hourglass_set_gravity  hourglass.o
    0x08001856   0x08001856   0x00000002   PAD
    0x08001858   0x08001858   0x00000224   Code   RO         3652    i.if_down_null      hourglass.o
    0x08001a7c   0x08001a7c   0x00000140   Code   RO         3653    i.if_left_null      hourglass.o
    0x08001bbc   0x08001bbc   0x00000140   Code   RO         3654    i.if_right_null     hourglass.o
    0x08001cfc   0x08001cfc   0x0000007c   Code   RO         3727    i.main              main.o
    0x08001d78   0x08001d78   0x00000144   Code   RO         3655    i.move_down         hourglass.o
    0x08001ebc   0x08001ebc   0x00000144   Code   RO         3656    i.move_left         hourglass.o
    0x08002000   0x08002000   0x00000144   Code   RO         3657    i.move_right        hourglass.o
    0x08002144   0x08002144   0x0000013c   Code   RO         3658    i.sand_next         hourglass.o
    0x08002280   0x08002280   0x00000150   Code   RO         3996    x$fpl$dadd          fz_ws.l(daddsub_clz.o)
    0x080023d0   0x080023d0   0x00000010   Code   RO         4113    x$fpl$dcheck1       fz_ws.l(dcheck1.o)
    0x080023e0   0x080023e0   0x00000018   Code   RO         4002    x$fpl$dcmpinf       fz_ws.l(dcmpi.o)
    0x080023f8   0x080023f8   0x000002b0   Code   RO         4005    x$fpl$ddiv          fz_ws.l(ddiv.o)
    0x080026a8   0x080026a8   0x0000002e   Code   RO         3892    x$fpl$dflt          fz_ws.l(dflt_clz.o)
    0x080026d6   0x080026d6   0x00000002   PAD
    0x080026d8   0x080026d8   0x00000078   Code   RO         3897    x$fpl$dleqf         fz_ws.l(dleqf.o)
    0x08002750   0x08002750   0x00000154   Code   RO         3899    x$fpl$dmul          fz_ws.l(dmul.o)
    0x080028a4   0x080028a4   0x0000009c   Code   RO         4008    x$fpl$dnaninf       fz_ws.l(dnaninf.o)
    0x08002940   0x08002940   0x0000000c   Code   RO         4010    x$fpl$dretinf       fz_ws.l(dretinf.o)
    0x0800294c   0x0800294c   0x0000006c   Code   RO         3901    x$fpl$drleqf        fz_ws.l(drleqf.o)
    0x080029b8   0x080029b8   0x00000016   Code   RO         3997    x$fpl$drsb          fz_ws.l(daddsub_clz.o)
    0x080029ce   0x080029ce   0x00000002   PAD
    0x080029d0   0x080029d0   0x000001d4   Code   RO         3998    x$fpl$dsub          fz_ws.l(daddsub_clz.o)
    0x08002ba4   0x08002ba4   0x00000064   Code   RO         4143    x$fpl$retnan        fz_ws.l(retnan.o)
    0x08002c08   0x08002c08   0x0000005c   Code   RO         4082    x$fpl$scalbn        fz_ws.l(scalbn.o)
    0x08002c64   0x08002c64   0x00000030   Code   RO         4156    x$fpl$trapveneer    fz_ws.l(trapv.o)
    0x08002c94   0x08002c94   0x00000000   Code   RO         4012    x$fpl$usenofp       fz_ws.l(usenofp.o)
    0x08002c94   0x08002c94   0x000005f0   Data   RO         3344    .constdata          oled.o
    0x08003284   0x08003284   0x00000004   PAD
    0x08003288   0x08003288   0x00000098   Data   RO         4015    .constdata          m_ws.l(atan.o)
    0x08003320   0x08003320   0x00000008   Data   RO         4037    .constdata          m_ws.l(qnan.o)
    0x08003328   0x08003328   0x00000020   Data   RO         4177    Region$$Table       anon$$obj.o


    Execution Region RW_IRAM1 (Exec base: 0x20000000, Load base: 0x08003348, Size: 0x00000768, Max: 0x00005000, ABSOLUTE)

    Exec Addr    Load Addr    Size         Type   Attr      Idx    E Section Name        Object

    0x20000000   0x08003348   0x00000001   Data   RW         3729    .data               main.o
    0x20000001   0x08003349   0x00000003   PAD
    0x20000004        -       0x0000001c   Zero   RW         3728    .bss                main.o
    0x20000020        -       0x000000e4   Zero   RW         3884    .bss                c_w.l(rand.o)
    0x20000104        -       0x00000060   Zero   RW         4041    .bss                c_w.l(libspace.o)
    0x20000164   0x08003349   0x00000004   PAD
    0x20000168        -       0x00000200   Zero   RW            2    HEAP                startup_stm32f10x_md.o
    0x20000368        -       0x00000400   Zero   RW            1    STACK               startup_stm32f10x_md.o


==============================================================================

Image component sizes


      Code (inc. data)   RO Data    RW Data    ZI Data      Debug   Object Name

         0          0          0          0          0       4508   core_cm3.o
        70          0          0          0          0        850   delay.o
      2678         66          0          0          0       8186   hourglass.o
       124         16          0          1         28       1308   main.o
       268          0          0          0          0       4168   max7219.o
       132         22          0          0          0     204587   misc.o
       564         42          0          0          0       2282   mpu6050.o
       338         18          0          0          0       4642   myi2c.o
       236         20          0          0          0       3576   myspi.o
       814         22       1520          0          0       7053   oled.o
        64         26        236          0       1536        792   startup_stm32f10x_md.o
       310          0          0          0          0      11635   stm32f10x_gpio.o
        26          0          0          0          0       3486   stm32f10x_it.o
        64         12          0          0          0       1010   stm32f10x_rcc.o
       264         42          0          0          0      24328   stm32f10x_tim.o
       328         28          0          0          0       9993   system_stm32f10x.o
       172          6          0          0          0     232815   timer.o

    ----------------------------------------------------------------------
      6468        320       1792          4       1564     525219   Object Totals
         0          0         32          0          0          0   (incl. Generated)
        16          0          4          3          0          0   (incl. Padding)

    ----------------------------------------------------------------------

      Code (inc. data)   RO Data    RW Data    ZI Data      Debug   Library Member Name

         8          0          0          0          0         68   __main.o
         0          0          0          0          0          0   __rtentry.o
        12          0          0          0          0          0   __rtentry2.o
         6          0          0          0          0          0   __rtentry4.o
        52          8          0          0          0          0   __scatter.o
        26          0          0          0          0          0   __scatter_copy.o
        28          0          0          0          0          0   __scatter_zi.o
        10          0          0          0          0         68   defsig_exit.o
        50          0          0          0          0         88   defsig_general.o
        80         58          0          0          0         76   defsig_rtmem_inner.o
        14          0          0          0          0         80   defsig_rtmem_outer.o
        18          0          0          0          0         80   exit.o
        94          0          0          0          0         80   h1_alloc.o
        52          0          0          0          0         68   h1_extend.o
        78          0          0          0          0         80   h1_free.o
        14          0          0          0          0         84   h1_init.o
         6          0          0          0          0        152   heapauxi.o
         4          0          0          0          0        136   hguard.o
         0          0          0          0          0          0   indicate_semi.o
       138          0          0          0          0        168   init_alloc.o
         2          0          0          0          0          0   libinit.o
        14          0          0          0          0          0   libinit2.o
         2          0          0          0          0          0   libshutdown.o
         2          0          0          0          0          0   libshutdown2.o
         8          4          0          0         96         68   libspace.o
         0          0          0          0          0          0   maybetermalloc1.o
       112         18          0          0        228        160   rand.o
         8          4          0          0          0         68   rt_heap_descriptor_intlibspace.o
         2          0          0          0          0          0   rtexit.o
        10          0          0          0          0          0   rtexit2.o
        12          4          0          0          0         68   sys_exit.o
        74          0          0          0          0         80   sys_stackheap_outer.o
        14          0          0          0          0         76   sys_wrch.o
         2          0          0          0          0         68   use_no_semi.o
       826         16          0          0          0        348   daddsub_clz.o
        16          4          0          0          0         68   dcheck1.o
        24          0          0          0          0         68   dcmpi.o
       688        140          0          0          0        208   ddiv.o
        46          0          0          0          0         68   dflt_clz.o
       120          4          0          0          0         92   dleqf.o
       340         12          0          0          0        104   dmul.o
       156          4          0          0          0         92   dnaninf.o
        12          0          0          0          0         68   dretinf.o
       108          0          0          0          0         80   drleqf.o
       100          0          0          0          0         68   retnan.o
        92          0          0          0          0         68   scalbn.o
        48          0          0          0          0         68   trapv.o
         0          0          0          0          0          0   usenofp.o
       544         70        152          0          0        124   atan.o
       384         38          0          0          0        144   atan2.o
        26          6          0          0          0        204   dunder.o
        40          0          0          0          0         68   fpclassify.o
       170          0          0          0          0         96   poly.o
         0          0          8          0          0          0   qnan.o

    ----------------------------------------------------------------------
      4708        390        160          0        328       3852   Library Totals
        16          0          0          0          4          0   (incl. Padding)

    ----------------------------------------------------------------------

      Code (inc. data)   RO Data    RW Data    ZI Data      Debug   Library Name

       952         96          0          0        324       1816   c_w.l
      2576        180          0          0          0       1400   fz_ws.l
      1164        114        160          0          0        636   m_ws.l

    ----------------------------------------------------------------------
      4708        390        160          0        328       3852   Library Totals

    ----------------------------------------------------------------------

==============================================================================


      Code (inc. data)   RO Data    RW Data    ZI Data      Debug   

     11176        710       1952          4       1892     522879   Grand Totals
     11176        710       1952          4       1892     522879   ELF Image Totals
     11176        710       1952          4          0          0   ROM Totals

==============================================================================

    Total RO  Size (Code + RO Data)                13128 (  12.82kB)
    Total RW  Size (RW Data + ZI Data)              1896 (   1.85kB)
    Total ROM Size (Code + RO Data + RW Data)      13132 (  12.82kB)

==============================================================================

